kwaduka
kwadura
kwaguka
kwagura
kwahuka
kwahura
kwahukana
kwaka
kwakira
kwamamara
kwamamaza
kwambara
kwambarwa
kwambaza
kwambika
kwambuka
kwambura
kwandarika
kwandika
kwandikira
kwandikirwa
kwandikisha
kwandikishwa
kwandikwa
kwanga
kwangana
kwangira
kwangirika
kwangirira
kwangiza
kwangwa
kwanika
kwanura
kwanzura
kwarama
kwarika
kwasa
kwasama
kwatsa
kwatswa
kwayura
kuba
kubabara
kubabarira
kubabarirwa
kubabaza
kubaduka
kubaga
kubagana
kubagara
kubagarwa
kubagwa
kubamba
kubambura
kubana
kubangikanya
kubanguka
kubanza
kubanziriza
kubanzwa
kubara
kubarura
kubarwa
kubasha
kubatiza
kubatizwa
kubaza
kubengerana
kubera
kuberama
kuberekera
kuberereka
kuberwa
kubeshya
kubeshyabeshya
kubeshyera
kubiba
kubiha
kubika
kubira
kubirindura
kubisa
kubisikana
kubiza
kubobera
kubobeza
kuboha
kubohekanya
kubohora
kubona
kubonana
kuboneka
kubonera
kuboneza
kubonwa
kubora
kuboroga
kubuguza
kubumba
kubumbira
kubunga
kubunguka
kubunza
kubura
kuburana
kuburira
kubuyera
kubuyereza
kubuza
kubuzwa
kubwagura
kubwegeka
kubwira
kubwiriza
kubyara
kubyaza
kubyibuha
kubyiga
kubyimba
kubyina
kubyiruka
kubyuka
kubyutsa
guca
gucagagura
gucagata
gucana
gucanwa
gucapa
gucapisha
gucapwa
guceceka
gucenga
gucengera
gucengeza
gucika
gucikura
gucikwa
gucira
guciririkanya
gucirwa
gucogora
gucogoza
gucomeka
gucomekora
gucucuma
gucuga
gucugusa
gucukura
gucumba
gucumbika
gucumbikira
gucumbukura
gucumita
gucumura
gucunda
gucunga
gucungura
gucura
gucuranga
gucurika
gucuruza
gucuruzwa
gucuya
gucya
gucyaha
gucyocyora
gucyura
gucyurira
gucyurwa
kudaha
gudahambana
guhambana
gudahemuka
guhemuka
gukemwa
kudamarara
kudasesa
gusesa
kudedemanga
kudeha
kudiha
kudindiza
kudoda
kudodwa
kududubiza
kwegama
kwegamira
kwegeka
kwegera
kwegeranya
kwegereza
kweguka
kwegukira
kwegurira
kwemera
kwemerera
kwenda
kwenga
kwera
kwereka
kwerekana
kwerekera
kwerekeza
kwererana
kwerura
kwesa
kwesura
kweza
kwezwa
gufana
gufasha
gufashisha
gufashwa
gufata
gufatanya
gufinda
gufindura
gufora
gufotora
gufotorwa
gufudika
gufunga
gufungana
gufunguka
gufungura
gufungurwa
gufungwa
gufunyanga
gufura
kugaba
kugabanuka
kugabanura
kugabanya
kugabanyika
kugabiza
kugaburira
kugaburirwa
kugaga
kugagara
kugagaza
kugamba
kugambana
kugambirira
kugana
kuganira
kuganya
kuganyira
kuganza
kuganzwa
kugaragara
kugaragaza
kugaragazwa
kugarama
kugaruka
kugashya
kugaya
kugemura
kugemurira
kugemurirwa
kugena
kugenda
kugendagenda
kugendana
kugendanwa
kugenera
kugenga
kugengarara
kugenza
kugenzereza
kugenzura
kugera
kugerageza
kugereka
kugerekerana
kugereranya
kugerwa
kugesa
kugeza
kugimba
kugingimira
kugingimiranya
kugira
kugirwa
kugisha
inama
kugoboka
kugoma
kugomba
kugora
kugorama
kugoroba
kugorora
kugororera
kugororoka
kugorwa
kugota
kugubwa
kuguma
kugumana
kugura
kugurana
kugurira
kugurisha
kugurishwa
kuguriza
kuguruka
kugurwa
kugusha
kugwa
kuguza
nabi
neza
kugwira
kugwiza
guha
guhaba
guhabuka
guhabwa
guhaga
guhagarara
guhagararira
guhagarika
guhaguruka
guhagurutsa
guhaha
guhahamuka
guhaka
guhakana
guhama
guhamagara
guhamba
guhambira
guhambuka
guhambura
guhambwa
guhamiriza
guhamya
guhamuka
guhana
guhanagura
guhanga
guhangana
guhangara
guhangayika
guhanguka
guhangwa
guhanika
guhanuka
guhanura
guhanuza
guhanwa
guhara
guharanira
guharura
guhata
guhatwa
guhaza
guheba
guhebuza
guheheta
guheka
guhekenya
guhekenywa
guhekwa
guhemba
guhembera
guhemberwa
guhembwa
guhemura
guhemurwa
guhenda
guhendahenda
guhenduka
guhendwa
guhera
guherekeza
guhererana
guhererekanya
guheruka
guherutsa
guheta
guheza
guhiga
guhihibikana
guhimba
guhimbaza
guhina
guhinda
guhindaga
guhinduka
guhindura
guhindukira
guhindukiza
guhindurwa
guhinga
guhinguka
guhingutsa
guhinyuka
guhinyura
guhirika
guhirwa
guhisha
guhishura
guhita
guhitamo
guhitwa
guhobera
guhoberana
guhoma
guhomba
guhomboka
guhonda
guhondagura
guhonga
guhongerera
guhonoka
guhora
guhorera
guhorota
guhosha
guhotora
guhovwa
guhoza
guhubuka
guhuga
guhugira
guhuguka
guhugura
guhugurwa
guhuguza
guhuha
guhuhwa
guhuma
guhumagurika
guhumana
guhumanuka
guhumanura
guhumanya
guhumeka
guhumekwa
guhumiriza
guhumuka
guhumura
guhumuriza
guhumurizwa
guhumuza
guhunga
guhungira
guhunguka
guhungura
guhunika
guhunikira
guhunyiza
guhura
guhurura
guhuza
guhwema
kwiba
kwibagirwa
kwibana
kwibanda
kwibeshya
kwibiza
kwibona
kwibuka
kwiburanya
kwibutsa
kwibwira
kwica
kwicara
kwicaza
kwicira
kwicisha
kwicuma
kwicunda
kwicunga
kwicwa
kwidagadura
kwifasha
kwifashisha
kwifata
kwifubika
kwifuza
kwifuzwa
kwiga
kwigana
kwiganyira
kwigaragambya
kwigaragura
kwigaya
kwigendera
kwigenga
kwigera
kwigerezaho
kwigisha
kwigishwa
kwigomwa
kwihagarika
kwihana
kwihanangiriza
kwihandagaza
kwihangana
kwiharira
kwiheba
kwiherera
kwihorera
kwihugura
kwihuta
kwijima
kwijujuta
kwikanga
kwikanyiza
kwikira
kwikora
gukora
kwikorera
kwikuba
gukuba
kwikubura
kwikunda
gukunda
kwima
kwimenya
kumenya
kwimuka
kwimura
kwinezeza
kunezeza
kwinginga
kwinja
kwinjira
kwinjwa
kwinuba
kwinyagambura
kwira
kwirabura
kwirata
kwiregura
kurega
kwirenga
kurenga
kwirengagiza
kwirengera
kwirenza
kwirimbisha
kurimba
kwirinda
kwiringira
kwirirwa
kwiriza
kurira
kwiroha
kwiruka
kwirukana
kwirukanka
kwisegura
kwishima
gushima
kwishingana
kwishisha
kwishyanura
kwishyura
kwisomera
gusoma
kwisukura
gusukura
kwisumbura
kwisuzuma
kwita
kwitaba
kwitanga
gutanga
kwitarura
kwitega
kwitegereza
kwitegura
kwitema
kwitonda
kwitondera
kwitonganya
gutonganya
kwitotomba
kwitoza
kwitsamura
kwituga
gutuga
kwituma
gutuma
kwitura
kwitwa
kwitwararika
kwivovota
kwivumbura
kuvumbura
kwiyaka
kwiyama
kwiyamamaza
kwiyandarika
kwiyandikisha
kwiyemera
kwiyereka
kwiyibuka
kwiyiriza
kwiyorosa
kwiyoza
kwoza
kwiyubaha
kwiyubaka
kwubaka
kwiyuhagira
kwuhagira
kwiyumvira
kwumva
kwiyunga
kwizanira
kwizera
kwizihiza
kujabika
kujarajara
kujegajega
kujijuka
kujijura
kujijwa
kujugunya
kujujubya
kujurira
kujya
kujyana
gukabya
gukama
gukambakamba
gukamura
gukanda
gukandagira
gukanga
gukangara
gukangarana
gukangisha
gukanguka
gukangura
gukangurwa
gukankamira
gukanura
gukaraba
gukarama
gukaranga
gukata
gukataza
gukayuka
gukaza
gukeba
gukebaguza
gukeka
gukena
gukenera
gukenga
gukenyera
gukenyeza
gukera
gukerensa
gukerereza
gukererwa
gukiganyire
gukikira
gukikiza
gukina
gukinana
gukinda
gukinga
gukingiriza
gukingura
gukinisha
gukira
gukiranirwa
gukiranuka
gukirigita
gukirigitwa
gukiza
gukizwa
gukobwa
gukwa
gukodesha
gukoloniza
gukoma
gukomanga
gukomatanya
gukomera
gukomereka
gukomeza
gukomoka
gukomora
gukongeza
gukonja
gukopera
gukoporora
gukorana
gukoranya
gukorera
gukorerwa
gukoresha
gukoreshwa
gukorogoshera
gukorora
gukorwa
gukoza
gukubagana
gukubita
gukubura
gukuka
gukumbura
gukumira
gukuna
imishino
gukundana
gukundira
gukundwa
gukundwakaza
gukungahaza
gukunguta
gukunja
gukunkumura
gukura
inda
gukuricyira
gukuricyirwa
gukurikiza
gukurubana
gukurura
gukuyakuya
gukuza
gukuzwa
gukwenda
gukwerera
gukweta
gukwetura
gukwira
kumanika
kumanuka
kumanura
kumanyagura
kumara
kumena
kumeneka
kumenyeka
kumenyera
kumenyekana
kumenyekanisha
kumenyetsa
kumera
kumesa
kuminina
kumira
kumirwa
kumoka
kumurika
kumurikirwa
kumwenyura
kunagana
kunagura
kunamba
kunangirwa
kunanira
kunanirwa
kundira
kunebwa
kunegura
kunesha
kunetesha
kunezereza
kunezerwa
kungana
kunganya
kuniga
kunnya
kunogora
kunoza
kunuka
kunyaga
kunyagira
kunyagirwa
kunyara
kunyaza
kunyazwa
kunyeganyega
kunyobwa
kunywa
kunyuguza
kunyunyuka
kunyura
kunywana
koga
kwogeza
kogeza
kogosha
kwohereza
koherereza
kohereza
komeka
kwomoka
komoka
komokera
komongana
komora
komoza
kwongera
kongera
kongorera
konka
konona
kononekara
kwonsa
konsa
konswa
koroha
koroherwa
kworora
korora
kororoka
kwoshya
koshya
koshyoshya
kota
kwotsa
kotsa
kotswa
koza
gupakira
gupakurura
guperereza
gupfa
gupfakara
gupfuka
gupfukama
gupfumuka
gupfumura
gupfunda
gupfundika
gupfundikanya
gupfundikira
gupfundura
gupfunya
gupfura
gupfurika
gupima
gupimisha
gupyinagiza
gupyipyinyura
kuraba
kurabagirana
kurabukwa
kuraga
kuragira
kuragura
kuragwa
kurahira
kurakara
kuramba
kurambarara
kurambika
kurambura
kuramuka
kuramukwa
kuramutsa
kuramya
kurandata
kurandura
kuranga
kurangamira
kurangara
kurangarana
kurangira
kurangiza
kurangurura
kurara
kurarama
kuraranganya
kurarika
kurarikira
kuraruka
kurasa
kurasira
kurata
kureba
kurebareba
kureka
kurekera
kurekura
kurema
kuremba
kurembuza
kurembya
kuremera
kuremerwa
kurenganura
kurenganya
kurengera
kurengerwa
kurengurana
kurera
kureshya
kuribata
kuribwa
kurya
kuriduka
kuriganya
kurigita
kurimbuka
kurimbura
kurinda
kurindira
kuringanira
kuringaniza
kuririmba
kurisha
kuroba
kurobanura
kuroga
kurogoya
kuroha
kurohama
kurohora
kurokoka
kurokora
kurombereza
kurondereza
kurondogora
kurondora
kuronga
kurongora
kurongorwa
kuronka
kurorera
kuroreza
kurota
kurubira
kuruha
kuruhuka
kuruka
kuruma
kurumbuka
kurumbura
kurunda
kurundarunda
kurunguruka
kurura
kurusha
kurushiriza
kurushya
kuruta
kurutira
kurwana
kurwanya
kurwara
kurwaza
kuryagagura
kuryama
kuryamana
kuryana
kuryanisha
kuryarya
kuryaryata
kuryoha
kuryoza
gusa
gusaba
gusabana
gusabiriza
gusabota
gusaduka
gusaga
gusagamba
gusaguka
gusahura
gusaka
gusakabaka
gusakara
gusakuza
gusama
gusamba
gusambana
gusambura
gusandara
gusandaza
gusanga
gusanganira
gusangira
gusangwa
gusara
gusarura
gusasa
gusatura
gusaya
gusaza
gusebwa
gusya
gusebya
gusega
guseka
gusekura
gusembura
gusemura
gusenda
gusendera
gusenga
gusengana
gusengera
gusenya
gusenyagurana
gusepfura
guserabeka
gusesagura
gusesekara
gusesengura
gusetsa
gusezera
gusezerana
gushagara
gushahura
gushaka
gushakana
gushakashaka
gushakira
gushakisha
gushanyuka
gushanyura
gusharija
gusharira
gushavuza
gushengura
gushidikanya
gushimangira
gushimira
gushimuta
gushimwa
gushinga
gushinguka
gushingura
gushinja
gushinjwa
gushinyagura
gushira
gushisha
gushishikara
gushishikaza
gushishimura
gushishura
gushishurwa
gushobera
gushoberwa
gushoboka
gushobora
gushonga
gushorera
gushudika
gushuka
gushukashuka
gushuna
gushungera
gushungura
gushushanya
gushya
gushyanuka
gushyenga
gushyigikira
gushyika
gushyikirana
gushyingira
gushyingiranwa
gushyinguka
gushyingura
gushyingurwa
gushyira
umuriro
gushyuha
gushyunguta
gushyushya
gusiba
gusifura
gusiga
irangi
gusigara
gusimbuka
gusimbura
gusinda
gusingiza
gusinya
gusinzira
gusitara
gusobanuka
gusobanura
gusobanukirwa
gusobanurira
gusobanuza
gusobwa
gusodoka
gusogongera
gusogongerwa
gusohoka
gusohora
gusohoza
gusokoza
gusomagura
gusomagurwa
gusomana
gusomwa
gusona
gusongera
gusonza
gusoroma
gusoromwa
gusosoroka
gusota
gusubika
gusubikwa
gusubira
gusubiza
gusubizwa
inyuma
gusudira
gusuhuza
umutima
gusuka
gusumba
gusumira
gusunika
gusura
gusuzugura
gusuzuma
gusuzumwa
guswera
guswerwa
guta
gutaba
gutabara
gutabarwa
kutabera
kutabona
gutabuka
gutabwa
gutagaguza
kutagira
gutaha
gutaka
gutamba
gutambika
gutambuka
gutambutsa
gutambwa
kutamenya
gutana
gutanana
gutandukana
gutandukanya
gutangara
gutangatanga
gutangaza
gutangazwa
gutangira
gutangiza
gutangwa
gutanya
gutanyaguza
gutashya
gutata
kutava
kuva
gutebeza
gutebuka
gutega
guteganya
gutegeka
gutegereza
gutegura
guteka
gutekerereza
gutekereza
gutema
gutemba
gutembera
gutera
urushinge
guterana
guteranya
gutereka
amata
guterekwa
guterera
gutererana
gutereranwa
gutererwa
gutereta
guterura
guterurwa
guterwa
guteta
gutetesha
guteteshwa
gutezuka
gutiga
gutigisa
gutigita
gutinda
gutindaganya
gutinya
gutinyuka
gutira
gutirimuka
gutirisha
gutiza
gutoba
gutobora
gutoha
gutona
gutonda
gutondagura
gutondekanya
gutongana
kutongera
gutonora
gutonyanga
gutora
gutoragura
gutoranya
gutorwa
gutoteza
gutoza
gutsemba
gutsika
gutsinda
gutsindishiriza
gutsindishirizwa
gutsindwa
gutsirita
gutsuka
gutsura
gutubura
gutuka
gutukura
gutumbika
gutumbira
gutumburuka
gutumira
gutumiza
gutumvira
gutunga
gutungana
gutunganya
gutunguka
gutungura
gutungurwa
gutura
guturama
guturana
guturanya
guturika
guturisha
guturitsa
guturuka
guturuna
guturwa
gutuza
gutwama
gutwara
gutwika
gutwikira
gutwikirwa
gutwita
gutyara
kwubaha
kubaha
kubahuka
kubaka
kubama
kubikira
amaso
kwugama
kugama
kuhagira
kuma
kumiza
kwumirwa
kumva
kumvikana
kwumvira
kumvira
kumviriza
kumvwa
kunama
kwunga
kunga
kunguka
kungura
kururuka
kuzura
kuzuza
kuvana
kuvanga
kuvangura
kuvoma
kuvuga
kuvugama
kuvugana
kuvugisha
kuvugishwa
kuvugurura
kuvuguruza
kuvugwa
kuvuka
kuvukana
kuvuma
kuvumba
kuvuna
kuvunagura
kuvundereza
kuvunika
kuvunikira
kuvunja
kuvunwa
kuvunura
kuvunurwa
kuvura
kuvuruga
kuvutsa
kuvuza
kuyaga
kuyaza
kuyoba
kuyobera
kuyoberwa
kuyoboka
kuyobora
kuyoboza
kuza
kuzamuka
kuzamura
kuzana
kuzanira
kuzengera
kuzengererwa
kuzerera
kuzeyutsa
kuzibuka
kuzibura
kuzigama
kuzima
kuzimana
kuzimira
kuzimya
kuzinduka
kuzinga
kuzinukwa
kuzira
kuzirika
kuzirikana
kuziririza
kuzitira
kuzitura
kuziza
kuzuka
kuzunguza
ute
bate
ite
zite
gite
bite
rite
ate
rute
gate
dute
bute
gute
hate
iwanjye
iwawe
iwe
iwacu
iwanyu
iwabo
aha
ahanini
akaramata
akenshi
bwangu
bene
ibumoso
iburasirazuba
iburengerazuba
iburyo
bucece
bucya
bucye
cyane
bidatinze
ejo
ejuru
bigirankana
bugufi
hafi
buhagarike
hagati
hakuno
hakurya
hano
hanze
hariya
haruguru
hasi
hatinze
hato
hatoya
hehe
hejuru
ijuru
hepfo
hino
buhoro
hose
buhumyi
nibura
byibura
byibuze
icyarimwe
byimazeyo
ino
bwite
bikabije
kabisa
kare
kenshi
kera
bukeye
kiramo
koko
kuki
kure
imbere
mu
akanya
imuhira
munsi
imusozi
hamwe
kumwe
na
namba
ahandi
ubundi
ukundi
nijoro
ijoro
nkana
nonaha
none
nonese
ntabwo
nta
ubwo
hanyuma
nyuma
rwose
pe
rero
buri
igihe
umunsi
umwaka
rimwe
murugo
runaka
burundu
burya
ryari
ubusa
rusange
ubusanzwe
bitinze
ubu
vuba
wenda
yenda
mibi
ribi
babi
bibi
mabi
kubi
kabi
mbi
kibi
mubi
bubi
rubi
tubi
habi
mabisi
babisi
tubisi
bubisi
mubisi
ribisi
kubisi
mibisi
rubisi
habisi
mbisi
kabisi
kibisi
bibisi
rugari
kagari
bigari
rigari
mugari
hagari
bagari
kugari
tugari
magari
kigari
migari
bugari
ngari
bigufi
tugufi
kagufi
rugufi
hagufi
kugufi
magufi
ngufi
rigufi
kigufi
mugufi
migufi
bagufi
guhire
mahire
gihire
ruhire
rihire
gahire
muhire
bihire
mihire
buhire
mpire
bahire
duhire
ryinshi
benshi
kwinshi
twinshi
menshi
cyinshi
rwinshi
myinshi
nyinshi
henshi
mwinshi
byinshi
bwinshi
beza
myiza
cyiza
byiza
ryiza
keza
nziza
mwiza
meza
heza
twiza
rwiza
kwiza
bwiza
muke
hake
rike
bike
gake
guke
make
buke
gike
nke
duke
ruke
mike
bake
mikeya
dukeya
bikeya
bakeya
gikeya
gukeya
mukeya
makeya
rikeya
rukeya
bukeya
gakeya
hakeya
nkeya
mukuru
bikuru
gakuru
gikuru
rukuru
hakuru
bukuru
dukuru
makuru
rikuru
gukuru
mikuru
nkuru
bakuru
minini
runini
tunini
binini
kunini
kinini
munini
bunini
manini
nini
kanini
rinini
hanini
banini
tunzinya
kanzinya
rirerire
karekare
ndende
kirekire
barebare
miremire
harehare
maremare
rurerure
tureture
birebire
burebure
muremure
kurekure
mashya
gishya
hashya
bushya
mushya
bishya
rushya
rishya
bashya
nshya
gashya
mishya
dushya
mutaraga
bataraga
buto
duto
mato
guto
rito
ruto
muto
mito
gito
bito
gato
bato
nto
dutoya
mutoya
ntoya
batoya
butoya
mitoya
gatoya
bitoya
matoya
ritoya
rutoya
gitoya
gutoya
kizima
ruzima
hazima
bazima
nzima
bizima
tuzima
kazima
muzima
buzima
mizima
mazima
rizima
kanjye
banjye
ryanjye
yanjye
hanjye
cyanjye
rwanjye
bwanjye
byanjye
wanjye
zanjye
kwanjye
twanjye
byawe
yawe
hawe
zawe
wawe
ryawe
bwawe
cyawe
twawe
kawe
kwawe
rwawe
bawe
ye
he
kwe
ze
bwe
bye
cye
twe
rwe
rye
we
ke
be
twacu
wacu
bacu
zacu
kacu
bwacu
rwacu
hacu
ryacu
byacu
cyacu
yacu
kwacu
yanyu
kwanyu
ryanyu
hanyu
zanyu
cyanyu
banyu
bwanyu
kanyu
wanyu
rwanyu
twanyu
byanyu
zabo
ryabo
cyabo
habo
bwabo
rwabo
twabo
babo
yabo
kwabo
kabo
byabo
wabo
moja
kabiri
ebyiri
mbili
gatatu
eshatu
tatu
kane
enye
ine
gatanu
eshanu
tanu
gatandatu
esheshatu
sita
karindwi
saba
umunani
munani
icyenda
cyenda
icumi
kumi
anarogi
mpuzamahanga
amahanga
nasiyonali
nde
bande
ngapi
nyabami
abami
nyafurika
nyakuri
ukuri
nyarwanda
nyungutimibare
wa
ba
rya
cya
bya
ya
za
rwa
ka
twa
bwa
kwa
ha
wo
bo
ryo
cyo
byo
yo
zo
rwo
ko
two
bwo
ho
nk'uyu
nka
uyu
nk'aba
aba
nk'iri
iri
nk'aya
aya
nk'iki
iki
nk'ibi
ibi
nk'iyi
iyi
nk'izi
izi
nk'uru
uru
nk'aka
aka
nk'utu
utu
nk'ubu
nk'uku
uku
nk'aha
nk'uwo
uwo
nk'abo
abo
nk'iyo
iyo
nk'izo
izo
nk'icyo
icyo
nk'ibyo
ibyo
nk'iryo
iryo
nk'ayo
ayo
nk'urwo
urwo
nk'ako
ako
nk'utwo
utwo
nk'ubwo
nk'ukwo
ukwo
nk'aho
aho
hirya
i
ku
kuri
mbere
muri
njyewe
jewe
wowe
twebwe
mwebwe
wenyine
twenyine
mwenyine
ukwanjye
ukwawe
ukwe
ukwacu
ukwanyu
ukwabo
nanjye
nawe
natwe
namwe
nabo
umuntu
ahari
ahubwo
ariko
cyangwa
icyakora
kandi
keretse
kubwa
kugirango
ngo
kuko
maze
naho
nako
ndetse
ngirango
niba
niko
nkaho
nk'uko
uko
no
nubwo
nuko
nyamara
ubanza
uretse
yuko
uriya
bariya
ririya
ariya
kiriya
biriya
iriya
ziriya
ruriya
kariya
turiya
buriya
kuriya
abajuru
abe
urwabya
inzabya
ibyacumi
icyacumi
adabutateri
aderesi
adiventi
inzaduka
afande
akaga
umwaga
agarafeze
agisida
ibyago
icyago
ubwaguke
inzagwa
urwagwa
icyaha
ibyaha
ukwaha
amaha
ibyahinduwe
icyahinduwe
imyaka
imakasi
imyaku
umwaku
umwambaro
imyambaro
ambasade
ambasaderi
ubwambere
umwambi
imyambi
ambiranse
icyambu
ibyambu
amburiyaje
abambuzi
umwambuzi
cyami
ubwami
umwami
abamikazi
umwamikazi
ampule
urwamu
utwana
akana
ibyana
icyana
ubwana
abana
umwana
inanasi
umwanda
imyanda
imyandikire
uwandikiwe
abandikiwe
inzandiko
urwandiko
icyanditse
ibyanditse
abanditsi
umwanditsi
umwandu
imyandu
anegise
abangavu
umwangavu
ivu
urwango
inzango
anjine
anka
anketi
ibyansi
icyansi
anteni
antene
antereneri
ubwanwa
utuanya
umwanya
imyanya
imyanyazina
umwanyazina
izina
umweru
ubwanyuma
abanzi
umwanzi
imyanzuro
umwanzuro
apeti
apuleti
akara
inzara
urwara
umwarabu
abarabu
icyari
ibyari
umwari
abari
umwarimu
abarimu
ibyaro
icyaro
imyaro
umwaro
arubitire
asanseri
imyashi
umwashi
ibyashyinguwe
aside
asima
asosiyasiyo
asuranse
atashe
amato
ubwato
icyatsi
ibiatsi
ubwatsi
avoka
icyayi
ibiba
ikiba
ibaba
amababa
ububabare
akababaro
imibabaro
umubabaro
imbabazi
ikibabi
ibibabi
bafure
imbaga
ibagiro
amabagiro
akabago
utubago
ikibaho
ibibaho
imbaho
urubaho
ababaji
umubaji
ibakure
amabakure
ibibamba
ikibamba
ikibambasi
ibibambasi
rubanda
akabande
utubande
ibande
amabande
ibibando
ikibando
akabanga
utubanga
ibanga
amabanga
amabanki
ibanki
imibano
umubano
urubanza
imanza
imbanzirizamushinga
umushinga
ibara
amabara
barafu
imbaraga
imbaragasa
baraje
akabarankuru
utubarankuru
ibaraza
amabaraza
umubare
imibare
igiharwe
utubare
akabare
ibarura
ububasha
imbata
akabati
utubati
umubatiza
ababatiza
umubatizo
imibatizo
umubavu
imibavu
urubavu
imbavu
ikibaya
ibibaya
ikibaye
ibibaye
ikibazo
ibibazo
imbeba
imbegeti
imbehe
imbeho
utubemba
akabemba
ibibembe
ababembe
umubembe
utubenzi
akabenzi
ibere
amabere
imibereho
ibireti
ibibero
ikibero
amabesani
ibesani
ababeshyi
umubeshyi
beto
ababi
umubi
ikibibi
ibibibi
bibiliya
ababibyi
umubibyi
bije
ababikira
umubikira
ububiko
ikibindi
ibibindi
urubingo
imibiri
umubiri
ikibiribiri
ibibiribiri
ibibiriti
ikibiriti
umubirizi
imibirizi
umubisha
ababisha
bishopu
amabisi
ibisi
imboga
imbogo
imbohe
imbohore
amaboko
ukuboko
ibombe
amabombe
amabombo
ibombo
imbonerahamwe
ibonezamigaragarire
imigaragarire
ibibonezamvugo
ikibonezamvugo
imvugo
imboni
umubonobono
imibonobono
imboro
boroshete
umuboyi
ababoyi
urubozo
imbozo
umubu
imibu
ikibuga
ibibuga
urubuga
indege
imbuganyuma
imbugita
ibibuguzo
ikibuguzo
amabumba
ibumba
umubumbe
imibumbe
alubumu
imbunda
imbundo
ibibuno
ikibuno
urubura
burigade
amaburira
iburira
buruse
imbusane
imbuto
amabuye
ibuye
ikibuye
ibibuye
imbwa
imbwakazi
ikibwana
ibibwana
ababwiriza
umubwiriza
ababwirizabutumwa
umubwirizabutumwa
ubutumwa
amabya
ibya
ababyara
umubyara
urubyaro
ababyaza
umubyaza
byeri
ababyeyi
umubyeyi
ububyibuhe
ikibyimba
ibibyimba
imibyimba
umubyimba
umubyindi
umubyinnyi
ababyinnyi
imbyiro
urubyiruko
umubyizi
imibyizi
incabiti
ibiti
amacakubiri
abacamanza
umucamanza
igicamunsi
ibicamunsi
agacamurongo
utucamurongo
umurongo
amacandwe
imicanga
umucanga
abacanshuro
umucanshuro
inshuro
icapiro
amacapiro
izacapwe
iyacapwe
incarwatsi
casket
igice
amacenga
icenga
incengezi
abacengezi
umucengezi
ibiceri
igiceri
umuceri
umucikacumu
abacikacumu
icumu
amacinya
uduciro
agaciro
igiciro
ibiciro
uduco
agaco
igico
ico
ibico
imico
umuco
ibicu
igicu
igicuba
ibicuba
ibicucu
igicucu
amacukiro
icukiro
igicuku
ibicuku
ubucukuzi
umucukuzi
abacukuzi
ibicuma
igicuma
amacumbi
icumbi
amacumu
ibicumuro
igicumuro
amacunda
icunga
amacunga
ugucunga
umucungamari
abacungamari
imari
incungu
umucunguzi
abacunguzi
uducupa
agacupa
icupa
amacupa
bucura
ibicurane
umucuranzi
abacuranzi
agacuri
igicuri
ubucuruzi
abacuruzi
umucuruzi
igicuruzwa
ibicuruzwa
ubucuti
abacuzi
umucuzi
umucyo
imicyo
urudaca
indagihe
umudahambana
abadahambana
amadahano
indahemuka
ikidahenze
ibidahenze
umudaho
imidaho
indakemwa
amadakika
idakika
bidakuka
kidakuka
indangagicuruzwa
indangahantu
ahantu
indangamuntu
indangururamajwi
amajwi
amatwi
idarapo
amadarapo
umudari
imidari
amadari
idari
amadarubindi
indasago
ikidasesa
ibidasesa
data
databuja
databukwe
ibidatunganye
ikidatunganye
indaya
dayimoni
amadebe
idebe
idefile
idegede
amadegede
ubudehe
abadehe
umudehe
indembe
demokarasi
idenariyo
amadenariyo
umudendezo
idendo
utudenesi
akadenesi
depite
ubudeshyi
imidigi
umudigi
imidiho
umudiho
indimu
amadini
idini
dipolome
diregiteri
indiri
indirimbo
amadirishya
idirishya
disiki
divayi
diyabete
umudiyakoni
abadiyakoni
diyama
diyosezi
indobo
ubudodo
indodo
urudodo
dogere
umudogiteri
abadogiteri
indogobe
amadolari
idolari
utudomo
akadomo
indorerwamo
idosiye
amadosiye
dosiye
idovize
umudugararo
imidugararo
umudugudu
imidugudu
amaduka
iduka
ibidukikije
ikidukikije
umuduri
imiduri
induru
dushe
iduwane
iduzeni
indwara
indyanishamurizo
umurizo
indyankwi
inkwi
indyarya
indyoheshabirayi
urwego
inzego
ekara
umwembe
imyembe
umwenda
imyenda
mwene
abene
umwene
igihugu
inenge
ubwenge
imyenge
umwenge
epatite
abera
umwera
uwera
ibyerekezo
icyerekezo
urwererane
inzerirezi
umwero
imyero
imyeru
epinari
esanse
etaje
umwete
ameza
imeza
amezi
ukwezi
umwezi
ukwezwa
umufa
ifagitire
umufana
abafana
amafaranga
ifaranga
amafarini
ifarini
umufarisayo
abafarisayo
umufarizayi
abafasha
umufasha
imfashanyo
ifashayobora
imfatamajwi
ubufatanye
urufatiro
imfatiro
fete
ifeza
amafeza
amafi
ifi
firigo
ifiriti
ifizibule
fondasiyo
forode
iforomaji
abaforomo
umuforomo
ifoto
amafoto
amafu
ifu
agafuka
udufuka
umufuka
imifuka
igifulama
umufundi
abafundi
igifungo
ibifungo
amafunguro
ifunguro
urufunguzo
imfunguzo
imfungwa
ifuni
amafuni
umufunzo
imifunzo
imfunzo
urufunzo
imfura
ifuro
ifuru
imfuruka
amafuti
ifuti
imigabane
umugabane
isi
ingabo
ubugabo
umugabo
abagabo
ibigage
ikigage
ingagi
gahunda
igaju
amagaju
ingamba
umugambi
imigambi
ingamiya
maganabiri
amagana
maganacyenda
magananani
maganane
maganarindwi
maganatandatu
maganatanu
maganatatu
umuganda
imiganda
uruganda
inganda
ikigande
ibigande
ingando
ubuganga
umuganga
abaganga
umugani
imigani
ikiganiro
ibiganiro
ingano
imigano
umugano
amaganya
ikiganza
ibiganza
amagara
ingara
urugara
umugaragaro
ibigaragazwa
ikigaragazwa
ingaragu
umugaragu
abagaragu
igarama
ingarane
garanti
igare
amagare
akagari
utugari
ubugari
gariyamoshi
ingaruka
urugaryi
gasutamo
ingashyi
ibigata
ikigata
ingata
umugati
imigati
gatigisimu
umugayo
imigayo
igazeti
amagazeti
ikigega
ibigega
ingemu
urugendo
ingendo
ubugenere
ingengabihe
ibihe
akageni
umugeni
abageni
imigenzereze
ingenzi
mugenzi
bagenzi
abagenzi
umugenzi
imigenzo
umugenzo
ikigeragezo
ibigeragezo
imigereka
umugereka
gereza
ibigero
ikigero
urugero
ingero
ukugerwaho
ingese
ingeso
umugezi
imigezi
igi
amagi
umugi
imigi
ingimbi
ikigina
umugina
imigina
ingingo
ubugingo
imigirire
ibigirwamana
ikigirwamana
imana
ingisha
imigisha
umugisha
umugishwanama
abagishwanama
ibigo
ikigo
urugo
ingo
amashuri
impfubyi
ingoboka
ingobyi
ingofero
ingoga
umugogo
imigogo
ingoma
ingombajwi
ijwi
utugombambari
akagombambari
ingombwa
ubugome
umugome
abagome
urugomo
ingona
ubugondo
umugongo
imigongo
ibigoramye
ikigoramye
ingorane
umugore
abagore
uburyo
ikigori
ibigori
ingori
urugori
ubugoro
umugoroba
imigoroba
igorofa
amagorofa
ingororano
ubugorozi
umugorozi
abagorozi
amagorwa
ikigoyi
ingoyi
imigozi
umugozi
ingufu
amagufwa
igufwa
ingujye
inguge
uruguma
inguma
ingumi
ingunguru
igunira
amagunira
ikiguri
ibiguri
iguriro
amaguriro
abagurisha
umugurisha
ukuguru
amaguru
ingurube
ingurumira
guverineri
guverinoma
inguzanyo
ikiguzi
ibiguzi
umuguzi
abaguzi
ingwa
ubugwanabi
ubugwaneza
abagwaneza
umugwaneza
ingwe
ikigwi
ibigwi
urugwiro
ingwiro
ubuhagarike
imihago
umuhago
impago
uruhago
igihaha
ibihaha
ihahamuka
amahaho
ihambwa
amahame
ihame
uruhame
ibihamuke
igihamuke
gihamya
ihamya
ubuhamya
abahamya
umuhamya
umuhana
imihana
umuhanda
imihanda
impande
uruhande
amahane
igihanga
ibihanga
ubuhanga
abahanga
umuhanga
impanga
uruhanga
igihangange
ibihangange
imihango
umuhango
ihangu
umuhannyi
abahannyi
ibihano
igihano
abahanuzi
umuhanuzi
abahanzi
umuhanzi
uruhare
imihari
umuhari
imiharuro
umuharuro
umuhate
umuhati
imihati
igihaza
ibihaza
abahebureyi
umuhebureyi
umuheha
imiheha
amaraso
igihekane
ibihekane
ibiheko
igiheko
ihembe
amahembe
umuhemberwe
imihemberwe
ibihembo
igihembo
igihembwe
ibihembwe
ubuhemu
umuhemu
abahemu
ibihendo
ibihendutse
ikihendutse
agahene
uduhene
ihene
amahenehene
imihengeri
umuhengeri
amahenure
ibihenze
ikihenze
agahera
uduhera
abaherekeza
umuherekeza
iherezo
uduheri
agaheri
igiheri
ibiheri
ubuheri
umuherwe
abaherwe
ubuheta
imiheto
umuheto
umuhezo
imihezo
abahigi
umuhigi
umuhigo
imihigo
ibihimba
igihimba
irihimbano
agahinda
umuhindo
amahindu
uruhindu
imihini
umuhini
impinja
uruhinja
ubuhinzi
abahinzi
umuhinzi
amahirwe
amahishurirwa
umuhisi
abahisi
ihitamo
amahitamo
umuhoberano
imihoberano
ibihogo
umuhogo
imihogo
ihoho
ibihombo
igihombo
uruhombo
impombo
umuhondo
ihoni
amahoni
umuhore
amahoro
ihoro
umuhoro
imihoro
ihoza
amahoza
ibihu
igihu
uruhu
impu
ibihuga
igihuga
amahugu
ibihugu
amahuguriro
ihuguriro
amahugurwa
ihuku
uduhumbagiza
agahumbagiza
uduhumbi
agahumbi
igihumbi
ibihumbi
uruhumbu
umuhumuro
imihumuro
ibihuna
igihuna
ihundo
amahundo
ubuhungiro
umuhungu
abahungu
igihunyira
ibihunyira
ubuhura
ihuriro
amahuriro
igihuru
ibihuru
amahurunguru
impushya
uruhushya
umuhuza
abahuza
amahuzamuyoboro
ihuzamuyoboro
umuyoboro
ihwa
amahwa
ibihwayihwayi
igihwayihwayi
icyi
icyibo
ibyibo
ubwibone
icyibutsa
ibyibutsa
umwibutsa
imyibutsa
inzibutso
urwibutso
umwicanyi
abicanyi
ibyicaro
icyicaro
ibyiciro
icyiciro
urwicungo
imyifatire
imyifato
ibyifuzo
icyifuzo
abiga
umwiga
izigana
iyigana
umwigannyi
abigannyi
imyigaragambyo
ubwigenge
inigi
umwigimbakirwa
imyigire
abigisha
umwigisha
imyigishirize
ibyigisho
icyigisho
umwigishwa
abigishwa
ukwihana
umwihariko
imyihariko
urwijiji
umwijima
utwika
akika
inzika
imyikarago
umwikarago
ukwikora
imyimerere
umwimerere
inzina
urwina
umwinjira
abinjira
urwinjiriro
inzinjiriro
umwinjiro
imyinjiro
imyinjizo
umwinjizo
ubwinshi
interineti
iryinyo
amenyo
amayira
inzira
ubwira
umwirabura
abirabura
ubwirakabiri
ubwirasi
ahirengeye
ibyiringiro
icyiringiro
umwirondoro
imyirondoro
imyirongi
umwirongi
ubwiru
urwirungu
inzirungu
ibyishimo
ubwishingizi
abishywa
umwishywa
ubwiteganirize
ibyitegererezo
icyitegererezo
umwitero
imyitero
imyitozo
umwitozo
akitso
utwitso
umwitwarariko
imyitwarariko
urwitwazo
inzitwazo
ubwiyubahe
ubwiza
amizera
ukwizera
abizera
umwizera
imyizerere
umuja
abaja
akajagari
ijage
akajambo
utujambo
ijambo
amagambo
amagambobanga
ijambobanga
ijana
injangwe
jenoside
ijeri
amajeri
ijerikani
amajerikani
injiji
ubujiji
urujijo
ubujijuke
umujinya
amajipo
ijipo
ijisho
jokeri
amajoro
amajosi
ijosi
imijugujugu
umujugujugu
ibijumba
ikijumba
amajune
ubujura
umujura
abajura
ubujuranterineti
amajuru
urujya
amajya
amajyambere
bijyambere
kijyambere
injyana
umujyanama
abajyanama
amajyaruguru
amajyepfo
imijyi
umujyi
igika
ibika
inka
muka
baka
amakabutura
ikabutura
kafe
kagoma
kajugujugu
amakakama
kamaramasenge
amasenge
amakamba
ikamba
inkambi
abakambwe
umukambwe
kamera
kamere
kaminuza
kanaka
bakanaka
imikandara
umukandara
umukandida
abakandida
inkangara
ibikangisho
igikangisho
abakangurambaga
umukangurambaga
ubuzima
abakanishi
umukanishi
igikanka
ibikanka
umukannyi
abakannyi
igikanu
ibikanu
ikanya
amakanya
amakanzu
ikanzu
ikara
amakara
umukara
imikara
umukarago
imikarago
inkarakara
urukarakara
ikaramu
amakaramu
umukarani
abakarani
karavate
inkari
karindari
ikariso
ikarita
amakarita
ikaritiye
ikarito
amakarito
ibikarito
igikarito
ikaroseri
amakaroti
ikaroti
kasho
katedarali
agakato
udukato
kavukire
ikawa
ikaye
amakaye
umukazana
abakazana
ikaziye
ubukebe
umukebe
imikebe
umukecuru
abakecuru
imikeka
umukeka
inkeke
ikeki
amakeki
amakemwa
inkende
ubukene
umukene
abakene
amakenga
umukeno
imikeno
imikenyero
umukenyero
umukerarugendo
abakerarugendo
ikereta
ibikeri
igikeri
inkeri
urukero
inkero
keremu
inkezero
umukiga
abakiga
urukiga
igikiga
inkiko
urukiko
inkima
amakimbirane
umukindo
imikindo
ibikingi
igikingi
inkingi
udukingirizo
agakingirizo
inkingo
urukingo
ibikinisho
igikinisho
umukinnyi
abakinnyi
umukino
imikino
inkinyoma
ikipe
inkiramende
urukiramende
ugukiranuka
umukiranutsi
abakiranutsi
ubukire
umukire
abakire
ubukirigitwa
amakiriro
ikiriro
abakiriya
umukiriya
akakiza
umukiza
abakiza
imikoba
umukoba
inkobe
abakobwa
umukobwa
amakobyi
ikobyi
ibikohwa
igikohwa
agakoko
udukoko
ibikoko
igikoko
inkoko
inkokora
ubukoloni
umukoloni
abakoloni
igikomangoma
ibikomangoma
ibikombe
igikombe
inkombe
ibikomere
igikomere
komiseri
amakomisiyo
komisiyo
inkomoko
kompanyi
imikondo
umukondo
inkongoro
udukoni
agakoni
igikoni
ibikoni
inkoni
ubukonje
ikonji
inkono
ibikonoshwa
igikonoshwa
konti
amakoperative
koperative
kopi
ibikora
igikora
korali
ikoranabuhanga
amakoranabuhanga
amakoraniro
ikoraniro
inkoranya
inkoranyamagambo
ikorasi
umukorerabushake
abakorerabushake
ubushake
imikorere
ibikorerwa
igikorerwa
ikoresha
abakoresha
umukoresha
imikoreshereze
ibikoresho
igikoresho
ubukorikori
ikoro
amakoro
umukoro
imikoro
imikoropesho
umukoropesho
inkorora
umukororombya
imikororombya
ibikoroto
igikoroto
ibikorwa
igikorwa
amakosa
ikosa
ikositimu
inkota
inkotanyi
ikoti
amakoti
inkovu
umukozi
abakozi
ubukristo
abakristo
umukristo
amakuba
inkuba
mikubitarukoko
mukubitarukoko
umukubuzo
imikubuzo
imikufi
umukufi
inkuka
imikumbi
umukumbi
urukumbuzi
inkumi
umukumirizi
abakumirizi
igikumwe
ibikumwe
makumyabiri
urukundo
abakundwa
umukundwa
inkunga
ubukungu
umukungu
abakungu
imikungugu
umukungugu
umukunzi
abakunzi
abakurambere
umukurambere
igikuri
ibikuri
urukurikirane
agakuru
utukuru
amakuru
inkuru
igikurudumu
ibikurudumu
ibikururanda
igikururanda
amakuta
ikuta
ibikuta
igikuta
inkuta
urukuta
inkwano
inkware
utukwavu
agakwavu
urukwavu
inkwavu
ubukwe
umukwe
abakwe
imikwege
umukwege
igikwerere
ibikwerere
imikwerere
ubukwerere
urukweto
inkweto
urukwi
igikwiriye
ibikwiriye
leta
imileti
umuleti
amalineti
lisiti
ilitiro
abaliyetona
umuliyetona
ibilo
ikilo
ikilometero
ibilometero
loni
lonu
mabuja
mabukwe
mama
madamu
makoro
malariya
urumambo
marakuja
umumarayika
abamarayika
marayika
marere
akamaro
utumaro
umumaro
imimaro
marume
ibimasa
ikimasa
masenge
imashini
akamashu
utumashu
mayibobo
mayili
akambi
utumbi
urume
imena
ubumene
imenyekanisha
akamenyetso
utumenyetso
ikimenyetso
ibimenyetso
ubumenyi
ubumenyindimi
indimi
imimerere
amamesa
abameshi
umumeshi
imeyili
milisegonda
minisiteri
abaminisitiri
umuminisitiri
misiyo
amamodokari
imodokari
imodoka
akamonyo
utumonyo
ikimonyo
ibimonyo
abamotari
umumotari
imoteri
moto
mucagaguzi
mucuranga
mudasobwa
ikimuga
ibimuga
ikimurangaza
ibimurangaza
urumuri
amamvunja
imvunja
amamwe
ubumwe
naka
ibinamico
ikinamico
inanga
ubunani
iminani
umunaniro
akananwa
utunanwa
iminara
umunara
inazi
amanazi
iyandikagihe
izandikagihe
ubunebwe
abanebwe
umunebwe
imineke
umuneke
iminezero
umunezero
urungabangabo
utungendo
akangendo
iniforume
ibinika
ikinini
ibinini
njyesi
iminkanyari
umunkanyari
amano
noheli
inomero
ikinono
ibinono
inota
amanota
iminota
umunota
iminsi
akantu
utuntu
ibintu
ikintu
ubuntu
ukuntu
abantu
inuma
umunwa
iminwa
ibinya
ikinya
abanya
umunya
umunyabinyoma
abanyabinyoma
ibinyoma
ikinyabiziga
ibinyabiziga
ibiziga
ikinyabumwe
ibinyabumwe
ikinyabupfura
ubupfura
abanyaburanga
umunyaburanga
uburanga
ibinyabuzima
ikinyabuzima
umunyabyaha
abanyabyaha
ikinyacumi
ibinyacumi
ibinyagihumbi
ikinyagihumbi
inyajwi
inyama
umunyamabanga
abanyamabanga
umunyamaboko
abanyamaboko
abanyamahanga
umunyamahanga
ibinyamakuru
ikinyamakuru
inyamaswa
utunyamasyo
akanyamasyo
ibinyamateka
ikinyamateka
amateka
umunyambaraga
abanyambaraga
inyambo
abanyamerika
umunyamerika
ikinyamunjonjererwa
ibinyamunjonjererwa
ikinyamunyu
ibinyamunyu
abanyamurava
umunyamurava
umurava
umunyamwaga
abanyamwaga
nyamweru
nyamwinshi
inyana
iminyana
umunyana
ibinyandaro
ikinyandaro
inyandiko
ikinyanduga
induga
inyangamugayo
inyange
inyangingo
inyanja
urunyanya
inyanya
umunyapolitiki
abanyapolitiki
politiki
ibinyare
abanyarukiko
umunyarukiko
ikinyazina
ibinyazina
ikinyejana
ibinyejana
akanyenyeri
inyenyeri
inyenzi
ubunyereri
abanyeshuri
umunyeshuri
ishuri
umunyetorero
abanyetorero
itorero
abanyezamu
umunyezamu
izamu
inyigisho
nyina
iminyinya
umunyinya
nyira
nyirabukwe
nyirakanaka
nyirakuru
nyirakuruza
nyiranaka
innyo
urunyo
inyo
ubunyobwa
akanyobwa
ikinyobwa
ibinyobwa
nyogokuru
nyoko
nyogokuruza
nyogosenge
ikinyogote
ibinyogote
banyokobuja
nyokobuja
nyokobukwe
nyokorume
ikinyoma
inyomekwambere
inyongera
inyoni
iminyorogoto
umunyorogoto
inyota
inyubako
ibinyugunyugu
ikinyugunyugu
inyuguti
inyumba
inyumbati
inyundo
inyungu
umunyururu
iminyururu
amanywa
umunywanyi
abanywanyi
iminzenze
umunzenze
ubwoba
icyobo
ibyobo
imyobo
umwobo
urwobo
inzobo
inzoga
inzogera
ubwohereza
inzoka
amoko
ubwoko
icyombo
ibyombo
ibyondo
ubwonko
ibyorezo
icyorezo
ubworozi
amoshya
amosozi
umwotsi
imyotsi
amoya
ubwoya
urwoya
inzozi
abapadiri
umupadiri
abapagani
umupagani
impagarara
mpagarike
urupahu
impahu
ipaje
impaka
imipaka
umupaka
ipamba
impamba
impamo
impamvu
impamyabushobozi
ubushobozi
umupanga
imipanga
igipangu
ibipangu
impano
amapantalo
ipantalo
ipantufure
amapanu
ipanu
impanuka
amapapayi
ipapayi
urupapuro
impapuro
parfum
pariki
paruwasi
amapasi
ipasi
pasika
umupasitori
abapasitori
ipata
amapata
ipatante
ipawundi
amapawundi
penaliti
peyizana
impera
imperekeza
perezida
abaperezida
imperuka
impeshyi
igipesu
ibipesu
petroli
abapfakazi
umupfakazi
igipfamatwi
ibipfamatwi
amapfizi
impfizi
ubupfu
umupfu
abapfu
impfu
urupfu
urupfubyi
imipfuko
umupfuko
abapfumu
umupfumu
ibipfundikizo
igipfundikizo
amapfundo
ipfundo
igipfunsi
ibipfunsi
impigi
ipiki
amapiki
ipikipiki
amapikipiki
ibipimisho
igipimisho
igipimo
ibipimo
impinduka
impine
impinga
imipira
umupira
intoke
impitagihe
impitakare
umupolisi
abapolisi
polisi
impongano
impongo
porogaramu
virusi
porojegiteri
poronogarafi
umuporoso
posho
impuguke
impuha
impuhwe
impumyi
impundu
impungenge
impunzi
ipusi
impuzamahanga
impuzanyito
impwerume
impyiko
impyisi
amara
urura
umuraba
imiraba
imirabyo
umurabyo
indabyo
ururabyo
radiyo
imirage
umurage
ikiragi
ibiragi
ibirago
ikirago
uburakari
umurama
imirama
imirambararo
umurambararo
umurambo
imirambo
akarande
ikiranga
ibiranga
uburangazi
amarangi
ikirangirire
ibirangirire
akarango
uturango
ikirangururamajwi
ibirangururamajwi
raporo
irari
amarari
abararirizi
umuraririzi
ibiraro
ikiraro
amarashi
izuba
imirasire
ibirato
ikirato
umuravuba
imiravuba
ikirayi
ibirayi
abarayiki
umurayiki
uburebure
ikirego
ibirego
ikirema
ibirema
irembo
amarembo
uburemere
ikiremu
ibiremu
ikiremwa
ibiremwa
umuremyi
abaremyi
amarenga
ikirenga
ibirenga
uburenganzira
ikirenge
ibirenge
umurenge
imirenge
repubulika
ikirera
akarere
uturere
ikirere
ibirere
resitora
umurezi
abarezi
iriba
amariba
iribori
amaribori
ikiribwa
ibiribwa
uburiganya
umuriko
imiriko
imirima
umurima
ukurimbuka
ibirimi
igirimi
ururimi
akarimo
uturimo
umurimo
imirimo
umuringa
imiringa
ikiringiti
ibiringiti
uburingiti
umurinzi
abarinzi
amarira
imirire
amariri
uburiri
imiriri
umuriri
umuririmbyi
abaririmbyi
kiriyo
imirizo
ibiro
uburo
ururo
robine
abarobyi
umurobyi
kirogoya
birogoya
uburohame
uburondogozi
ibirondwe
ikirondwe
akarongo
uturongo
uburongo
imirongo
ibirorero
ikirorero
ibirori
ikirori
amaroso
uburoso
amaroza
iroza
uburozi
rugongo
ikiruhuko
ibiruhuko
ikirumirahabiri
ibirumirahabiri
barumuna
murumuna
barunaka
umurundi
imirundi
ikirundo
ibirundo
ibirunga
ikirunga
ubururu
ruswa
ikirwa
ibirwa
umurwa
imirwa
rwagakoco
umurwayi
abarwayi
umurwi
imirwi
imiryango
umuryango
uburyarya
imiryasenge
umuryasenge
ibiryo
saa
ubusabane
amasabato
isabato
umusabirizi
abasabirizi
igisabo
ibisabo
isabukuru
amasabune
isabune
igisabwa
ibisabwa
amasafuriya
isafuriya
insagu
amasaha
isaha
udusahane
agasahane
isahane
amasaho
isaho
amasaka
amasake
isake
urusake
amasaku
isaku
urusaku
umusamanzuki
imisamanzuki
ubusambanyi
umusambanyi
abasambanyi
isambaza
umusambi
imisambi
amasambo
isambo
ibisambo
igisambo
amasambu
isambu
igisambu
ibisambu
amasandugu
isandugu
umusangwa
abasangwa
umusaniro
imisaniro
isano
umusanzu
imisanzu
ubusanzure
ibisanzwe
igisanzwe
umusaraba
imisaraba
umusarane
abasare
umusare
isaro
amasaro
isasa
amasasa
isaso
amasaso
ibisate
igisate
imisatsi
umusatsi
basaza
musaza
ubusaza
abasaza
umusaza
isazi
amasazi
abasazi
umusazi
amase
se
igisebe
ibisebe
sebukwe
isega
umusego
imisego
uduseke
agaseke
igiseke
ibiseke
umuseke
isekuru
amasekuru
sekuru
isekurume
sekuruza
umusemburo
amasena
isena
abasenateri
umusenateri
urusenda
insenda
isenga
amasenga
isenge
ibisenge
igisenge
umusengeneza
abasengeneza
urusengero
insengero
amasengesho
isengesho
umusengo
imisengo
imisenyi
umusenyi
ubusenzi
isepfu
umuserebanya
imiserebanya
amaseri
iseri
serivisi
igiseseka
iseseme
isesengura
amasesengura
imiseso
umuseso
isezerano
amasezerano
abasezi
umusezi
sha
isha
umushahara
imishahara
ishaka
ubushaka
ubushakashatsi
inshamake
ishami
amashami
shampiyona
igishanga
ibishanga
ishati
amashati
ishavu
amashaza
ishaza
shebuja
bashebuja
igishegabo
ibishegabo
igisheke
ibisheke
ishema
ishengero
amashengero
amashereka
sheri
imisheru
umusheru
igishi
abashi
umushi
bashiki
mushiki
inshimusi
inshinga
imishinga
inshingano
inshinge
umushinjacyaha
abashinjacyaha
umushino
agashinyaguro
udushinyaguro
igishirira
ibishirira
abashishe
umushishe
agashishi
udushishi
urushishi
ibishishi
igishishi
ubushishi
inshishi
ibishishwa
igishishwa
ubushize
inshoberamahanga
shobuja
umushoferi
abashoferi
ishoka
amashoka
ibishorobwa
igishorobwa
amashu
ishu
ibishuhe
igishuhe
ishuheri
ishuka
amashuka
ibishuko
igishuko
abashumba
umushumba
umushumi
imishumi
inshunda
urushundura
inshundura
inshungu
ibishura
igishura
igishushanyo
ibishushanyo
amashusho
ishusho
umushushwe
imishushwe
inshuti
ubushuti
umushuti
abashuti
imishwi
umushwi
urushwima
ishyaka
amashyaka
amashyamba
ishyamba
ishyanga
ishyano
amahano
amashyano
amashyanyari
ishyari
amashyari
ubushye
amashyengo
ishyengo
inshyi
urushyi
amashyi
umushyikirano
imishyikirano
ibishyimbo
igishyimbo
inshyimbo
ugushyingiranwa
amashyira
ishyirahamwe
amashyirahamwe
igishyiramo
ibishyiramo
ibishyitsi
igishyitsi
umushyitsi
abashyitsi
imishyitsi
ishyo
amashyo
ubushyo
ishyongore
amashyongore
ubushyuhe
inshyungute
urushyungute
inshyushyu
umusifuzi
abasifuzi
igisiga
ibisiga
igisigo
ibisigo
isiha
ibisika
igisika
insika
urusika
igisimba
ibisimba
amasimbi
umusimbura
abasimbura
isinagogi
amasinagogi
isine
insinga
imisingi
umusingi
sinya
abasinzi
umusinzi
abasirikare
umusirikare
sisitemu
umusitajiyeri
abasitajiyeri
amasitani
ubusitani
isitimu
amasitimu
siyansi
abasizi
umusizi
ubuso
so
igisobanuro
ibisobanuro
udusobanuro
basobuja
sobuja
sobukwe
abasoda
umusoda
igisoga
ibisoga
amasogisi
isogisi
sogokuru
sogokuruza
abasohozabitambo
umusohozabitambo
ibitambo
isoko
amasoko
ibisokozo
igisokozo
urusokozo
insokozo
isomo
amasomo
abasomyi
umusomyi
isoni
ubusore
umusore
abasore
abasoresha
umusoresha
umusoro
abasoreshwa
umusoreshwa
igisoro
ibisoro
imisoro
sosiyete
isoso
amasoso
agasozi
udusozi
umusozi
ibisozi
igisozi
imisozi
umusozo
imisozo
amasubiramo
isubiramo
ibisubizo
igisubizo
amasubyu
isubyu
isuka
amasuka
isukari
ibisukari
igisukari
isuku
imisumari
umusumari
musumbazose
misumbazose
imisumeno
umusumeno
isunika
isupu
isura
isuri
umususu
agasusuruko
ibisuzuguriro
igisuzuguriro
inswa
abaswa
umuswa
imiswa
insya
urusyo
insyo
amatabaza
itabaza
intabera
ubutabera
itabi
amatabi
agatabo
udutabo
igitabo
ibitabo
itafari
amatafari
abatagatifu
umutagatifu
itagisi
amatagisi
ubutaha
ibitaka
igitaka
ubutaka
imitaka
umutaka
amatako
itako
umutako
imitako
amatama
itama
intama
intambara
igitambaro
ibitambaro
ubutambike
igitambo
intambwe
umutambyi
abatambyi
ubutamenya
intananya
ibitanda
igitanda
ugutandukana
amatandukaniro
itandukaniro
intangamugabo
ibitangaza
igitangaza
amatangazo
itangazo
imitangire
amatangiriro
itangiriro
intangiriro
abatangizi
umutangizi
amatango
intango
igitangurirwa
ibitangurirwa
itangwa
amatangwa
ibitansi
igitansi
itanura
amatanura
amatapi
itapi
amatara
itara
intara
urutara
akataraboneka
amataratara
igitare
ibitare
gitare
intare
urutare
igitari
ibitari
ubutariganya
amatariki
itariki
ibitaro
intashyo
umutasi
abatasi
umutavu
imitavu
ubutayu
amataza
intaza
ubute
intebe
igitebo
ibitebo
agateganyo
ututeganyo
umutegarugori
abategarugori
intege
imitegekere
itegeko
amategeko
ubutegetsi
abategetsi
umutegetsi
ibitego
igitego
intego
imitego
umutego
itegura
amategura
integuro
integuza
imiteja
umuteja
iteka
ubutekane
umutekano
ibitekerezo
igitekerezo
tekinisiye
inteko
telefoni
itembura
amatembura
amateme
iteme
umutemeri
imitemeri
umutende
imitende
ntera
amateraniro
iteraniro
umuterankunga
abaterankunga
intere
igitereko
ibitereko
imiterere
tereriyo
abatereriyo
igitero
ibitero
interuro
umutesi
abatesi
ibiteteyi
igiteteyi
umuteto
imiteto
umutetsi
abatetsi
igiti
umuti
imiti
imitiba
umutiba
itiku
amatiku
tilide
imitima
imitimanama
umutimanama
agatimba
ututimba
ubutindi
intindo
urutindo
umutini
imitini
ubutitsa
umutobe
imitobe
intoboro
igitoke
ibitoke
urutoke
igitoki
ibitoki
intoki
urutoki
itondagura
itondaguranshinga
ibitondo
igitondo
intonga
ubutoni
umutoni
abatoni
ibitonyanga
igitonyanga
amatora
itora
intore
amatorero
intorezo
itoroshi
amatoroshi
intoryi
itoto
ibitotsi
igitotsi
abatoza
umutoza
intozi
urutozi
udutsiko
agatsiko
amatsiko
umutsima
imitsima
igitsina
igitsinagabo
ibitsinagabo
igitsinagore
ibitsinagore
amatsinda
itsinda
amatsindamabara
itsindamabara
ugutsindishirizwa
ibituba
igituba
igitugu
ibitugu
urutugu
intugu
umutuku
ibituma
igituma
itumanaho
amatumanaho
itumba
umutumba
imitumba
intumbi
ubutumire
ukutumvira
intumwa
amatumwa
itunda
amatunda
igitunezereza
ibitunezereza
ibitunganye
ikitunganye
amatungo
itungo
imitungo
umutungo
umutungu
imitungu
ibitunguru
igitunguru
intunguru
urutunguru
ubutunzi
abatunzi
umutunzi
igiturage
ibiturage
umuturage
abaturage
abaturanyi
umuturanyi
imiturire
ituro
amaturo
igituro
ibituro
inturo
ubuturo
intusi
igituti
ibituti
ibitutire
igitutsi
ibitutsi
imitutu
umututu
igituza
ibituza
ituze
abatwa
umutwa
amatwara
abatwara
umutwara
ubutware
umutware
abatware
intwari
ubutwari
intwaro
umutwaro
imitwaro
umutwe
imitwe
ugutwi
twiga
ukwubaha
ibiubahiro
icyubahiro
imyubakire
umwubatsi
abubatsi
umwuga
ubwugamo
akugarizo
ut
inzugi
urugi
umwuka
imyuka
ubuki
uruyuki
ibyuma
icyuma
icyumba
ibyumba
umwumbati
imyumbati
akumiro
ukwumvira
ibyumweru
icyumweru
icyunamo
ibyunamo
abaungeri
umwungeri
icyungo
ibyungo
imyungu
umwungu
umunyu
imyunyu
urwuri
icyuya
ibyuya
ibyuzi
icyuzi
inzuzi
uruzi
ubwuzu
abuzukuru
umwuzukuru
imyuzure
umwuzure
imva
ubuvandimwe
umuvandimwe
abavandimwe
amavi
ivi
vino
amavino
invu
uruvu
amavubi
ivubi
imvubu
imivuduko
umuvuduko
umuvugabutumwa
abavugabutumwa
abavugizi
umuvugizi
umuvugo
imivugo
ikivuguto
ibivuguto
ikivugwaho
ibivugwaho
amavuko
ivuka
ivuko
imvumba
umuvumbi
imivumbi
abavumbyi
umuvumbyi
ibivume
ikivume
umuvumo
imivumo
imivumu
umuvumu
imivundaguro
umuvundaguro
ibivunge
ikivunge
ubuvungukira
akavungukira
ubuvunnyi
umuvunnyi
abavunnyi
ivunura
umuvunyi
abavunyi
imvura
amavuriro
ivuriro
imivurungano
umuvurungano
imvururu
amavuta
ivutu
ubuvuzi
umuvuzi
abavuzi
imiyembe
umuwembe
ibiyaga
ikiyaga
imiyaga
umuyaga
ubuyahudi
umuyahudi
abayahudi
iyatu
umuyaya
abayaya
imiyego
umuyego
inzige
uruyige
utuyiko
akayiko
ikiyiko
ibiyiko
akayira
utuyira
umuyisilamu
abayisilamu
umuyoboke
abayoboke
imiyoboro
ubuyobozi
abayobozi
umuyobozi
utuyoga
akayoga
yubile
umuyuda
abayuda
inzuki
akayunguruzo
utuyunguruzo
uruza
umuzabibu
imizabibu
inzabibu
uruzabibu
izaburi
inzagihe
zahabu
ibizamini
ikizamini
ikizami
amazamu
abazamu
umuzamu
akazamuko
utuzamuko
ikizenga
ibizenga
umuzenguruko
utuzi
akazi
amazi
umuzi
imizi
ikizibaho
ibizibaho
ikiziga
uruziga
inziga
imiziki
umuziki
iziko
amaziko
ubuzima-gatozi
abazimu
umuzimu
inzimuzi
amazimwe
amazina
amazinda
ikizinga
ibizinga
izingiro
abaziranenge
umuziranenge
izirikana
uruzitiro
inzitiro
inzovu
utuzu
akazu
inzu
amazuba
izuka
ukuzuka
umuzuko
abazungu
umuzungu
amazuru
izuru
nyabugogo
aburahamu
aburamu
adamu
afuganisitani
alegisi
alubaniya
rwamagana
cyangugu
arabiya
arijantine
atalantika
bakame
rubavu
belizebuli
bihehe
boliviya
kibuye
danimarike
ekwateri
elisaluvadori
emanweli
etiyopiya
kigali
gana
akagera
bugesera
gwatemara
muhabura
ruhango
hayiti
ruhengeri
gahinga
hungariya
huye
rwinkwavu
israheli
uwiteka
jamayika
kamembe
kolombiya
kositarika
kotedivuwari
lukusamburu
lusufero
lusuferi
malawi
maleziya
mali
malita
mariko
mesiya
moritaniya
mose
mozambike
muhamadi
nijeriya
nikaragwa
noruveje
otirishiya
pakistani
panama
paragwe
peru
giporoso
portugali
puweritoriko
burera
karisimbi
virunga
sabinyo
musanze
satani
gisenyi
gishwati
sirilanka
siyoni
rusizi
bisoke
suwazilandi
suwedi
ubutaliyani
gitarama
butare
ubutatu
turikiya
byumba
nyungwe
venezuwela
viyetinamu
kivu
yesu
yugoselaviya
aleluya
bambe
biraryoshye
birashoboka
bitese
burije
bwacyeye
habayeho
hobe
karibu
mbabarira
mpole
muntunge
murabeho
muraho
uraho
murakoze
muramuke
mwaramutse
waramutse
mwirirwe
wirirwe
mwiriwe
wiriwe
ndagukumbuye
ndagukunda
ngaho
ngwino
nibyo
ntibirabaho
pole
salama
sawa
subiramo
tugende
tujyane
umva
mwumve
urakomeye
chub
chuk
cnlg
cnls
comelena
csr
ferwafa
kie
kist
mhc
mifotra
minaffet
minagri
minaloc
mineac
minecofin
mineduc
minicom
minijust
mininfra
mininter
minisante
miniyouth
nec
nur
orinfor
rdb
rdf
rdg
reco
rnec
rpa
rpf
rppa
rra
rura
rwasco
sfar
sida
ssfr
ulk
dore
hari
henga
hoshi
mbega
mbe
mbese
ese
ni
oya
si
yego
ikigoryi
ikimara
imbago
agashya
amakoma
ingorofani
igitogotogo
ibitogotogo
ibigoryi
agatogo
kunyaruka
ibabi
amababi
ibimara
imbibi
urubibi
igisekuru
insina
ibisekuru
kwibira
isahani
kurigata
kubungabunga
ingabire
umwotso
imyotso
icyanzu
ibyanzu
kuburirwa
inema
roho
umushyo
imishyo
kwiryagagura
kwirya
kunanuka
kugeragezwa
isereri
kuniha
ibitsina
igitsinsino
ibitsinsino
agatsinsino
udutsinsino
korosa
imoso
indyo
inyatu
impinyatu
imfunge
impinduramatwara
revolusiyo
ingengabitekerezo
itsembabwoko
itsembatsemba
ubwicanyi
amatsembatsemba
amatsembabwoko
intangarugero
gutsindagira
intera
kwaya
umusogongero
imisogongero
gukurikizwa
gukurikira
kwiyita
kugara
kugaza
uburetwa
ubuhake
umunyamuryango
abanyamuryango
imitekerereze
guhungabanya
urwunge
inyunge
kiriziya
kiliziya
sitade
ibendera
amabendera
amazu
gatolika
gaturika
umugatolika
abagatolika
umugaturika
isakaramentu
amasakaramentu
impene
minisitiri
muvoma
nyamwigendaho
banyamwigendaho
umunyagatolika
umunyagaturika
intsinzi
insinzi
itangazamakuru
amatangazamakuru
amaradiyo
urwunguko
umukono
igiteranyo
ibiteranyo
ibyishyurwa
imitunganyirize
komite
imiyoborere
ingiro
imikono
indagi
indangira
urumeza
kumeza
amaziri
koya
ikarine
amakarine
imanzi
imigoma
umugoma
umwakura
imyakura
umwakura-bakwe
urwungano
inzungano
kugogora
gukonyoka
imvune
kugarura
inkoro
urwano
kwana
ihurizo
guhuriza
gukika
ubujana
intantu
gutanyuka
intanyu
gucyesha
umujyana
imijyana
gususuruka
umugarura
imigarura
kwikiriza
amahurizo
utwatuzo
kwigunga
icwende
amacwende
kugunga
serwakira
akayaga
uruvi
imvi
uno
bano
rino
ano
kino
bino
kano
tuno
buno
kuno
urya
barya
irya
rirya
arya
kirya
birya
karya
turya
harya
ujuje
kwatura
amayunguyungu
icyishyurwa
kwishyurwa
kwicana
imyakura-bakwe
kwakura
ibakwe
icyogajuru
ibyogajuru
inkike
amabyi
amazirantoki
kutumvira
gushingwa
ishingwa
gutotezwa
ubuzire
kuviringa
guhutura
ubutasi
umunyabwenge
abanyabwenge
incamake
gushishikarira
gishishikara
bariyeri
perezidansi
amagereza
gukotana
inkorotanyi
guhekana
amashuheri
incakura
ishozi
amashozi
urukonda
inkonda
umusundwe
imisundwe
imondo
inyamanza
urusugi
insugi
igishwi
ibishwi
icyiyoni
ibyiyoni
samusure
agaca
uduca
inkura
intashya
nyirabarazana
igitera
ibitera
insana
incira
inshira
impiri
ikiryambeba
ibiryambeba
uruziramire
inziramire
icyaruzi
ibyaruzi
kwarura
isandi
amasandi
isatura
amasatura
imparage
impara
urusamagwe
insamagwe
imbaka
ingeragere
umuze
gutapfuna
umuraguzi
abaraguzi
impa
kurabya
umuvumba
imivumba
isumo
amasumo
gusuma
umurindi
imirindi
gucakira
gukacira
gukocora
gukocama
guhungabana
gusukuma
intabwa
ibanze
imbyaro
ibambe
kurengana
kunyonga
kunyongwa
guhishwa
gutoneka
ikibondo
ibibondo
ubura
urucanda
ireme
amareme
amasabukuru
ubukuru
shabukuru
ishingiro
amashingiro
igisigisigi
ibisigisigi
injyanamuntu
inkoramutima
inyurabwenge
amanyurabwenge
gupfupfunuka
gusyonyora
urujwiri
injwiri
gushwiragira
kuronda
kwironda
gukimirana
gushwekura
gutibika
gufumyamo
amajyo
ikidendezi
ibidendezi
inkubiri
urujyo
injyo
akamuga
kumugara
guhinamirana
igisembe
ibisembe
urwiri
inziri
kuninura
kunnyega
umununi
iminuni
kunnyagira
kwinekera
kwikanira
isokoreke
amasokoreke
gucudika
impatwe
gukurunga
kwikurunga
guhadika
kunyurwa
koroshya
kanangazi
mbiri
urwenda
yine
umubirikira
imibirikira
ubutumburuke
ubujyakuzimu
ikuzimu
gutumbagira
ubujyejuru
akarambararo
uturambararo
kwishyuka
gushyukwa
urweso
inzeso
umutamenwa
imitamenwa
ubufindo
guhwinjarika
impwempwe
guherwa
gutindahara
gukenyuka
kwiyuburura
umwoyo
imyoyo
umutubu
imitubu
igitagangurirwa
ibitagangurirwa
muhuha
icyahi
ibyahi
icyuho
ibyuho
gutamiriza
kwijuta
guhwihwisa
igihuha
ibihuha
kugamburuza
amangambure
amateshwa
ijanja
amajanja
ikimyira
ibimyira
gapfura
iseru
urucyebu
gucyebuka
urukebu
irugu
amarugu
igikororwa
ibikororwa
igituntu
ibituntu
igisindu
ibisindu
indamukanyo
indamutso
kureta
iriburiro
amariburiro
ubuhehere
guhehera
amatembabuzi
agakungu
udukungu
umwiburungushure
imyiburungushure
kwiburungushura
indaro
kubimbura
ibondo
amabondo
incakwaha
ubucakwaha
meme
kuzibukira
ikigwari
ibigwari
ubugwari
umugambanyi
abagambanyi
ubugambanyi
ubucuzi
insobe
urusobe
ikigobe
ibigobe
inkomane
gukomana
ubunigo
imyigimbakirwa
inseko
urwikekwe
kwikeka
igitwenge
ibitwenge
kuyungurura
umutsi
imitsi
kwigoronzora
kugoronzora
umugondoro
imigondoro
kugondora
kumaranira
kumarana
ahabanza
kugondoza
kujijinganya
kuzuyaza
uruzonnyo
inzonnyo
rugabire
kimwe
akagezi
utugezi
guhwekera
kunurira
kuryoherwa
kunurirwa
korosora
gusesurura
igicuro
ibicuro
ishyira
ubusembwa
gushyugumbwa
guturubika
gutumbera
guturumbura
imitunu
indongozi
irungu
isunzu
amasunzu
kona
ingoto
ishingo
amashingo
intimba
gutubya
gushegesha
ihomvu
amahomvu
guteshaguzwa
guhomvomvwa
intozo
kwimana
kuryoshya
santimetero
milimetero
dekametero
hegitometero
itoni
amatoni
imbuzi
iyombo
amayombo
iyogi
amayogi
impindu
guhunda
guhundagaza
urutirigongo
intirigongo
ruseke
agasendabageni
udusendabageni
ikinogori
ibinogori
imyivumbagatanyo
kwivumbagatanya
akarasisi
utwarasisi
gutyaza
ityazo
amatyazo
urwembe
inzembe
agatangaro
udutangaro
akabazo
utubazo
udukubo
udusodeko
gusodeka
akanyerezo
utunyerezo
kunyereza
kunyerera
kumyira
kwimyira
kuguruza
kugariza
kwihata
guhutaza
akaduruvayo
utuduruvayo
ubuvumo
guhutara
uturegeka
kugekare
inkomyi
gupfobya
gupfobywa
gutamurura
kudanangira
ikinyunguti
ibinyunguti
kunoba
ubunnyano
ikijonjoro
ibijonjoro
ikibarangari
ibibarangari
gucecekesha
kuryoshywa
urutete
intete
igisibo
ibisibo
kunyunguta
kunoga
inozamukono
icuraburindi
uburindi
gakondo
igitiyo
ibitiyo
imambo
agasi
icyimanyi
ibyimanyi
umwiko
imyiko
igishongore
ibishongore
igifashi
ibifashi
inguni
ihindurangano
ubutabire
imvange
ubugenge
kuyega
ikiyega
ibiyega
gushyomoka
urukungu
inkungu
kumyora
impanda
gutiya
ibimba
amabimba
iyicarubozo
amayicarubozo
ipfunwe
isonga
amasonga
agasongero
udusongero
guhwana
guhwanya
kuneza
gusigura
ihirwe
ishya
guhwika
kurora
kuka
muryoherwe
amatakaragasi
gutakara
intati
indosho
gusuna
gushikora
kumuka
kumutsa
kwibasira
kunyunyuza
kujundika
gususumira
gucubya
gucururuka
guturura
guhetura
ifumbi
umusarani
imisarani
kurangisha
kunnyuzura
ikinimfu
ibinimfu
ikinimpfu
kwema
kwemarara
gucurura
gucyererwa
umusa
imisa
kwikubira
kunyunya
icyizere
ibyizere
ururenda
urureri
inderi
nyamuneka
nyabuneka
indorerezi
ikinege
ibinege
ibyano
umuhezanguni
abahezanguni
gucokoza
kunyarutsa
ikijigo
ibijigo
urwamo
gutosa
gutebera
gushaya
kokoza
guhuta
guhutera
akoko
kubonerana
kwanda
gukomba
gukona
gukwata
gupfana
gupfumbata
gupfuba
gupfubya
intandaro
imbarutso
ubutita
ubukana
kugoheka
ingohe
ingutu
intaho
amanjwe
kwanjwa
kujajwa
ubujajwa
injajwa
gutayanjwa
uruheke
impeke
ikinyampeke
ibinyampeke
ikinyamisogwe
ibinyamisogwe
imisogwe
gusagarira
kwiyenza
gufangura
kudadira
icyiru
ibyiru
ihumure
guhogora
akangononwa
kugononwa
kugumbaha
ingumba
gutirimura
kujora
kwishongora
ikiza
ibiza
icyotsi
ibyotsi
umwiherero
imyiherero
igisope
ibisope
itongo
amatongo
rukirigitangwe
icyohe
ibyohe
kototera
gusiza
ikibanza
ibibanza
impakanyi
icyitso
ibyitso
gutwenga
urutezo
intezo
ubuhakanyi
ubushongore
agatoki
shyashya
ishyushyu
amashyushyu
umusogwe
Njwa
kuhogeka
igifwera
ibifwera
igitsike
ibitsike
intugunda
guhushura
guhuzenza
ikaragiro
amakaragiro
korama
indeshyo
indoro
igishigishigi
ibishigishigi
amandazi
irindazi
Nyagasani
salo
amaringushyo
saluni
urumogi
agasani
guserebeka
kwadukana
nyamuca
ndi
uri
ari
turi
bari
riri
kiri
biri
ziri
ruri
kari
umujenosideri
abajenosideri
imogi
ubucurabwenge
umwiru
abiru
igisakuzo
ibisakuzo
amasekuruza
kumenyesha
umwibone
kogera
icyogere
ibyogere
kwifuriza
abibone
Umuporotesitani
Abaporotesitani
Abaporositani
Abaporoso
Umuporositani
Umuporoso
kuvomerera
bombo
kwemeza
Yezu
guceremba
pasiporo
ugucura
impanuro
ingegera
inyemera
ubujyanama
gufutura
ubwitonzi
imvuvu
kuvuvuka
ikinyomoro
ibinyomoro
uruhara
gukonkoboka
inote
Girinka
indengakamere
icyondi
ibyondi
inkendi
agakiza
inkangu
igishabaga
ibishabaga
umukunga
imikunga
igihinyage
ibihinyage
inkomo
ukuboneka
icungamutungo
ubumenyamuntu
inkwakuzi
kwiyahura
uwe
iye
irye
aye
icye
ibye
ize
urwe
ake
utwe
ubwe
ahe
uwanjye
abanjye
iyanjye
iryanjye
ayanjye
icyanjye
ibyanjye
izanjye
urwanjye
akanjye
utwanjye
ubwanjye
ahanjye
uwawe
abawe
iyawe
iryawe
ayawe
icyawe
ibyawe
izawe
urwawe
akawe
utwawe
ubwawe
ahawe
uwacu
abacu
iyacu
iryacu
ayacu
icyacu
ibyacu
izacu
urwacu
akacu
utwacu
ubwacu
ahacu
uwanyu
abanyu
iyanyu
iryanyu
ayanyu
icyanyu
izanyu
urwanyu
akanyu
utwanyu
ubwanyu
ahanyu
uwabo
ababo
iyabo
iryabo
ayabo
icyabo
ibyabo
izabo
urwabo
akabo
utwabo
ubwabo
ahabo
ibyanyu
ubumenyajambo
gukwena
inkwenene
ubuvumbuzi
kwitsa
Umusenyeri
Abasenyeri
umumisha
imimisha
umura
imira
gusamura
sinzi
Kumenya
logo
igishoro
ibishoro
kumisha
ntacyo
kubaho
uwa
iya
icya
iza
urwa
utwa
ubwa
sitasiyo
amasitasiyo
ukwa
itiro
umutingito
imitingito
bayeho
gusabwa
ubusizi
akerekezo
inkuge
kore
Imana
kwiswera
ubumara
kugombora
agahomamunwa
guteganywa
guhumbya
ifundi
nyakubahwa
iteke
amateke
visi
igicumbi
kunyenyeretsa
akanyamuneza
ibicumbi
umugabekazi
abagabekazi
sakabaka
indushyi
impiswi
icyondo
mugiga
umupfundikizo
imipfundikizo
uburere
umudozi
abadozi
ikivumvuri
ibivumvuri
gukemura
gukomanyiriza
ivumbi
kuvumvura
inkonkobotsi
kwamagana
Sopecya
nyababyeyi
Afurika
Amerika
Induga
Umunyakanada
Abanyakanada
Kanada
Ikinyakoreya
Koreya
Nyamata
Umunyakoreya
Abanyakoreya
Rwanda
Ikinyarwanda
Umunyarwanda
Abanyarwanda
komekwa
ubugogo
umurerantanga
imirerantanga
inyariro
imyororokere
intanga
inshakura
Huye
diporome
Musanze
kwiyica
incuti
igishitsi
ibishitsi
icyugu
ibyugu
Ikirundi
wino
feri
ingorwa
cumi
amacumi
icyicumi
umusitari
imisitari
urutonde
intonde
umutonzi
imitonzi
Umututsi
Abatutsi
Umuhutu
Abahutu
amasahani
metero
shonje
gusana
Sara
nti
uti
ati
tuti
muti
bati
iti
riti
kiti
biti
ziti
ruti
kati
buti
kuti
hati
subusititi
negatifu
seritifika
sositomati
tifoyide
ubwubatsi
ubusugire
gusugira
umuhehesi
abahehesi
hoteri
amahoteri
imfubyi
kugandika
kugandagaza
Umuhindi
isanduku
amasanduku
ibirika
ikirahure
ibirahure
ikirahuri
agasamunyiga
udusamunyiga
kwika
ibaruwa
amatamatama
mute
ejobundi
ikaze
ineza
ibinezaneza
umugiraneza
abagiraneza
mukerarugendo
bakerarugendo
umugenzuzi
abagenzuzi
uburinganire
umwicundebo
kwicundeba
kureremba
umunyabugeni
abanyabugeni
intumbero
ubugeni
urwicundo
inzicundo
kwiyoberanya
kuyoberana
ingaruzwamuheto
kwikokora
gukokora
kunyanyagira
umuguta
imiguta
umunyabukorikori
abanyabukorikori
indagu
umwihanduzacumu
kuburungushura
kugobotora
abihanduzacumu
kwihanduza
kugaruzwa
indangare
umusaro
kanseri
umusaruro
imisaruro
abasaro
ikinyendaro
ibinyendaro
abatekinisiye
umutekinisiye
ubugore
kugimbuka
ubugimbi
ubwangavu
shenye
kongeranya
gukusanya
kudonda
kudoma
kubunda
igitemba
ibitemba
ratitude
ronjitide
abusorosiyo
pansiyo
revorisiyo
tereviziyo
umurozi
abarozi
amarozi
inyinya
ipiripiri
isombe
kunganira
kwibombarika
igisukika
ibisukika
ubunyangamugayo
guconshomera
Alijeriya
Egiputa
Misiri
Irilande
Esipanye
kugotomera
kurambagiza
kugerekeranya
kwemerwa
kwiyerurutsa
kumenywa
orudinateri
iposita
sitaje
gutabira
amapingu
gukurira
kwicuza
kwigimba
imoko
inkanga
umuramu
abaramu
umuramukazi
abaramukazi
nyirarume
nyirasenge
isosi
amasosi
gukingirizwa
gutinywa
umwigaragambyo
igihogo
kwibohora
abagongo
Igifaransa
Icyongereza
Ikidage
Umudage
Abadage
inyemezabuguzi
ubuguzi
Igiholandi
Ikiratini
Igishinwa
Igiswayili
Igiswahili
Ikizulu
Ikiganda
Ikinyamulenge
Mulenge
Umuholandi
Abaholandi
Umwongereza
Abongereza
Umufaransa
Abafaransa
Umushinwa
Abashinwa
Umugande
Abagande
Umuganda
Umurundi
Abarundi
Umubirigi
Ababirigi
Ikigande
Umuhinde
Abahinde
Igihinde
Igihindi
Umurusiya
Umurusi
Abarusi
Ikirusi
Ikirusiya
Umusuwisi
Abasuwisi
Umuyapani
Abayapani
Ikiyapani
Umugereki
Abagereki
Ikigereki
Mutarama
Gashyantare
Mata
Gicurasi
Werurwe
Kamena
Nyakanga
Kanama
Nzeri
Ukwakira
Ugushyingo
Ukuboza
ikinyajana
Arumeniya
Kameruni
Kongo
Libiya
Maroke
Uburundi
Tanzaniya
Kenya
Aziya
Uburayi
Ositaraliya
amakode
ubushomeri
gushomera
umushomeri
abashomeri
igishomeri
ibishomeri
ingirangingo
gupagasa
ifuku
amafirimi
komfitire
umufiyanse
abafiyanse
fiyanse
miriyoni
firimi
umusirimu
abasirimu
Umutsobe
Abatsobe
Umunyiginya
Abanyiginya
Urwanda
Umugesera
Abagesera
Umwega
Abega
Umubanda
Ababanda
Umucyaba
Abacyaba
Umusinga
Abasinga
Umushambo
Abashambo
Umuzigaba
Abazigaba
Umwungura
Abungura
Umwenengwe
Abenengwe
Umusita
Abasita
Umukono
Abakono
Umunyakarama
Abanyakarama
Umurihira
Abarihira
Umuhondogo
Abahondogo
Umwongera
Abongera
Umuha
Abaha
Umusindi
Abasindi
Umushingo
Abashingo
ikibanda
ibibanda
umunyamaguru
abanyamaguru
ipompo
pome
Umunyaburayi
Abanyaburayi
Antarigitika
seriveri
pulateforume
verisiyo
imbuga
ububikokoporora
amabikokoporora
mizuzu
impamyabumenyi
igitaramo
ibitaramo
gutarama
guhigima
Asomusiyo
toropike
guherera
Irake
imihindo
ingaryi
umuhindiro
imihindiro
gusukika
Ubuyisilamu
imisumbi
ipantaro
amapantaro
ikote
amacugane
gutsindagiriza
umucaca
imicaca
gacaca
konji
amakonji
amanama
itike
amatike
Interahamwe
Impuzamugambi
tungurusumu
urutoryi
guteza
ikirutsi
ibirutsi
ibinga
amabinga
inoni
umusururu
imisururu
amarwa
terefone
guterefona
iterambere
inyeshyamba
inzirakarengane
igitangaro
ibitangaro
igisasu
ibisasu
mitarayeze
gerenade
ikigendajuru
ikiremwamuntu
ikiyobyabwenge
ibiyobyabwenge
ibiremwamuntu
kuremwa
karame
kurama
kwiyigisha
gusarara
parasetamoro
roketi
rugigana
guhahamura
kubabazwa
umunyakuri
abanyakuri
icyatangajwe
ibyatangajwe
igihumyo
ibihumyo
nzi
uzi
azi
tuzi
muzi
bazi
rizi
kizi
bizi
zizi
ruzi
kazi
buzi
kuzi
ubushera
ubwenegihugu
abenegihugu
umwenegihugu
kudagadwa
guhindagana
ipfa
kugubangura
gukumbanya
gukinantura
guhinyagara
ubwiyunge
kwigorora
amasohoro
umushokannyo
abashokannyo
gushoka
umuhumetso
imihumetso
urunigi
igishobotse
ibishobotse
amaburakindi
urukindo
inkindo
amanyakuri
igikomo
ibikomo
umurimbo
imirimbo
iherena
amaherena
gufuka
gufungurira
umufatankoni
abafatankoni
guhurira
igihurira
ibihurira
kweruruka
ibwiriza
amabwiriza
ubusobanuro
umubanji
kubogora
umufilozofe
abafilozofe
filozofe
Igiheburayi
Umuheburayi
Abaheburayi
umufatanyabikorwa
abafatanyabikorwa
ijigo
amajigo
igufa
ikiriyo
ibiriyo
imbagwa
kubangurira
kubikura
guciramo
kwibikira
gusaranganya
gusasura
isarura
gutazura
kuziringa
inzungu
inswaswa
isayo
gupyonyora
gukobora
gukingira
guhakanira
umubonano
imibonano
kudohoka
kwinjiza
gutongera
gusharama
kibonumwe
gutitiriza
gukeneka
umunanu
iminanu
imishishe
kumokorwa
gushishoza
ubushishozi
uruzingo
inzingo
imibanji
kwegura
ikibunda
ibibunda
ibunda
amabunda
kuzungura
kugombeka
gukutiriza
ikigombero
ibigombero
ingobe
inkaka
kwimya
gusenza
gusenzwa
gusenzanya
kwijyana
umutongero
imitongero
rasoro
amarasoro
igikona
ibikona
ugushima
ishimwe
kujiginywa
umutozo
inkera
imitozo
gusarika
urwengero
inzengero
kugombera
ibigendajuru
ibwotamasimbi
Uburasirazuba
Uburengerazuba
Bonane
inkuyo
Amahavu
ibirimo
imicungire
guhamiza
kuvugururwa
akarengane
umwunzi
abunzi
amapfa
iruka
indeka
indake
umukingo
imikingo
umuferege
imiferege
ubukode
akiciro
utwiciro
iterabwoba
kwihanganira
ikimenyane
igitinyiro
kugawa
kwisobanura
ihanwa
ubujurire
ifatira
inzibacyuho
ikirango
ibirango
ivugururwa
amavugururwa
kugamiza
manda
inyito
irangashingiro
amarangashingiro
gutegurwa
gushegeshwa
Ubwotamasimbi
ubwotamasimbi
umubitsi
ababitsi
ubugenzuzi
Sabyinyo
Kibeho
urusumo
Mulindi
Sudani
Libani
igitinsyi
ibitinsyi
kwiha
referendumu
umurasire
kuvutswa
ubwisanzure
ikirometero
Kivu
Viyetinamu
Etiyopiya
Rusumo
Gitarama
Shyogwe
Butare
Byumba
Ruhondo
kuvuguta
ubuzimagatozi
intunsi
sabato
ishabukuru
umusabyi
abasabyi
isata
amasata
urwunyunyu
amavunja
ivunja
imvugakimwe
imvugakuri
icyugururagasani
ibyugururagasani
kugurura
umwugarizakibando
abugarizakibando
isosiyete
utwuguruzo
utwugarizo
gusoza
umutarama
Gicuransi
Weruwe
tagisi
gutabaza
idafari
sukari
ikizuzu
ibizuzu
Yesu
umuzunguzi
abazunguzi
inzitiramibu
inzitiramubu
simusiga
kudeta
Tanganyika
akayovu
utuyovu
akazovu
burugumesitiri
ababurugumesitiri
erega
cyangwe
imvaho
ubuzindu
uruzinduko
inzinduko
gupurintinga
gusuguma
Korowani
kuta
ishiku
amashiku
shiku
gushika
gututura
ubushita
gushiduka
guteba
interahamwe
guteranira
iteregaramu
amateregaramu
padiri
terefoni
teritwari
perefegitura
Kibungo
Igisaka
Umunyagisaka
Abanyagisaka
jakaranda
sakaranda
sakirirego
sentimetero
Nyabisindu
Rusatira
Ruhashya
Maraba
Mbazi
Umunyabusanza
Abanyabusanza
Satani
Shitani
Save
Shyanda
ise
Mabanza
umuseveni
abaseveni
umusaveni
shakaranda
ishakiro
amashakiro
gushamika
Igishari
Umunyagishari
Abanyagishari
ishashi
amashashi
shehe
abashehe
shehi
gushevorora
Shevorore
Rusizi
Amashi
umwishiki
Karago
Giciye
Bushokoro
Bisoke
gutumana
impindura
umusigiti
imisigiti
umusegeti
Gishari
amapera
umuse
abase
ubugabire
umuvubyi
abavubyi
umuvumyi
abavumyi
umukenke
imikenke
umuhakwa
abahakwa
inganji
inzuri
ibwami
umudende
imidende
impotore
uruti
umunyemari
abanyemari
umupfubuzi
abapfubuzi
ijabiro
kunenga
imirwano
urwiru
inziru
guhova
integanyanyigisho
uburezi
umumenyi
abamenyi
umumenyindimi
abamenyindimi
akaremajambo
uturemajambo
Umunyarwandakazi
Abanyarwandakazi
gusoba
incamarenga
incoberamahanga
imvugirakimwe
kuvugira
impuzashusho
imvugwakimwe
imvugwarimwe
ubutinde
igenamajwi
indangagihe
imbamutima
incuro
umutabazi
abatabazi
inkondo
ikirezi
ibirezi
umwisengeneza
abisengeneza
amayirabiri
abiri
gutsitara
umunyamahane
abanyamahane
ikaro
amakaro
igini
amagini
iteganyagihe
igishokoro
ibishokoro
icyatoranyijwe
ibyatoranyijwe
gutoranywa
ubwiherero
ukuzimu
akato
utwato
Umuyisilamu
Abayisilamu
gusiramura
isangano
amasangano
gusiramurwa
kuzingura
gukebwa
kugenya
gukebera
kwigira
kurenganywa
umugemo
imigemo
kuganda
insanganyamatsiko
gusanganya
gushimagiza
gukamwa
meya
uruyongoyongo
inyongoyongo
ncenceberi
inzobe
igikono
ibikono
makaroni
tangawizi
umuzirankoni
abazirankoni
inti
igitovu
ibitovu
urukoko
urumamfu
imamfu
inyabarasanya
umuhangayiko
imihangayiko
nyiri
gutwerera
intwererano
gutwererana
umuziro
imiziro
ukwibohora
kugenerwa
ahabugenewe
umunyamategeko
abanyamategeko
umurindankuba
imirindankuba
umurinda
imirinda
umusave
imisave
igihondohondo
ibihondohondo
igisomero
gusomera
umusekera
umushubi
imisekera
imishubi
madwedwe
amadwedwe
umufu
imifu
umufumba
imifumba
umuganzacyaro
imiganzacyaro
umufatangwe
imifatangwe
umufatango
umugenge
imigenge
umugeyo
imigeyo
umugimbo
imigimbo
umugo
imigo
inkongi
kwibasirwa
Siria
Israheli
MAGERWA
FPR
UNR
APR
imyidagaduro
guhirimbana
impirimbanyi
guhirimba
ubuvugizi
igenzura
amagenzura
imisusire
gususa
inzobere
kuzobera
ubuzobere
Umuyezuwiti
Abayezuwiti
Yezuwiti
Ubusaseridoti
ubwiyoroshye
kwiyoroshya
ubwicishebugufi
gupfubura
hambere
isashi
kudendera
Busanza
inyunguramagambo
kuyungura
umuvure
imivure
ndangamurage
ingoro
sena
ipera
indanganteko
indomo
agacumu
uducumu
ikingira
amakingira
ubushinjacyaha
igisirikare
ibisirikare
kubazwa
uruyuzi
Nyamuragira
Mikeno
Nyiragongo
mituyu
imbogamizi
kubogamira
iterasi
amaterasi
akabwibwi
akuguruzo
gufashanya
inyomeke
imfutuzi
ruhamwa
indondogozi
uburaya
agacurama
uducurama
gufatira
ambarigo
kumenyana
ibiharwe
kugona
frigo
ivangura
ibyanganga
icyanganga
imbangukiragutabara
kubangukira
ifumbire
amafumbire
iperereza
amaperereza
umupererezi
abapererezi
irangamuntu
fotokopi
agatare
Gatsibo
Kayonza
Kirehe
Ngoma
Rwamagana
Nyagatare
Gasabo
Kicukiro
Nyarugenge
Muhanga
Kamonyi
Ruhango
Nyanza
Nyamagabe
Gisagara
Nyaruguru
Nyamasheke
Karongi
Rutsiro
Rubavu
Nyabihu
Ngororero
Burera
Gakenke
Gicumbi
Rulindo
umugenzacyaha
abagenzacyaha
ingenza
murandasi
ibaruramari
isakazamajwi
gusakaza
umunyagitugu
abanyagitugu
inyoborayandika
kutamenywa
ububanyi
iyanyuma
izanyuma
umunyenganda
abanyenganda
urwenya
inzenya
gukirira
inkirirahato
impfundiko
urugamba
kugabira
jewoloji
inyemezabwishyu
guhohota
umwaba
imyaba
uducamurongo
uducuri
umuhima
abahima
irangamutima
amarangamutima
ingenera
indengabaganizi
abaganizi
umuganizi
inganizi
imikeri
umukeri
igikoro
ibikoro
igitoryi
ibitoryi
umufuniko
gufunika
biringanya
umusagara
imisagara
nyiramungengeri
Bwana
intagondwa
kugonda
kuzigura
amabiringitiranya
kugegera
ingondo
urebye
Polonye
imifuniko
kubiringitiranya
ubwishyu
isuzumwa
inyishyu
kwishura
inso
gusharirira
urwubati
inzubati
icyuhuro
ibyuhuro
kuhuza
kuzindukana
kuzitirira
kazutu
indoto
ikirungurira
ibirungurira
umusuzi
imisuzi
ubuziranenge
amagenurano
kugenura
RBS
kudakemwa
intungane
gusuhuzanya
igitagajyo
ibitagajyo
umuparakomando
abaparakomando
taye
Murindi
Umutara
Tambwe
Ruhengeri
Tare
Gatare
Cyangugu
ubututu
umutinganyi
abatinganyi
gutingana
umupede
abapede
umusaya
imisaya
ferabeto
frizone
inyokomuntu
inyoko
mpandenye
mpandeshatu
mpandeshanu
mpandesheshatu
mpandemunani
jewometiri
pararerogaramu
tarapeze
ivanguramoko
kunena
iyororoka
iyobokamana
amayobokamana
iyigamajwi
vitamini
ukwiyumanganya
igiteganyijwe
ibiteganyijwe
igitabitabi
ibitabitabi
igisuweduwa
Umusuweduwa
Abasuweduwa
isuzumagaciro
gasuku
isume
isizeni
isohorwa
isomero
amasomero
sinema
igishyito
ibishyito
ishyingirwa
amashyingirwa
gushyingirwa
gushyingirana
ugushyingirana
ishyinguranyandiko
ishyundu
amashyundu
isesemi
igisekeramwanzi
ibisekeramwanzi
urusoro
insoro
umuvanda
abavanda
igitambambuga
ibitambambuga
incuke
inshuke
ijigija
amajigija
igihumuza
ibihumuza
igicambyaro
ibicambyaro
ubushimusi
guhunjagura
kujanjagura
kujanjagurwa
ubuseribateri
gutumbagiza
impembe
impuzampembe
ubunyurwe
ipfupfu
amapfupfu
insumo
uruhembe
guhunjagurika
umusirikari
kudahenda
kutuzura
Purugatori
Purigatori
Kiristo
cyamunara
dawe
mawe
icyamunara
mukaso
bakaso
iso
mukadata
bakadata
ubwangizi
abasekuru
umusekuru
abasekuruza
umusekuruza
gusekurwa
umusekuzi
abasekuzi
ekuteri
rwagati
kubogama
kutabogama
kubitswa
kubohera
imibohere
kubogaboga
kubohwa
ububonamaso
igipapuro
ibipapuro
igerageza
amagerageza
kudashobora
umutsinzi
abatsinzi
urwatsi
mashinigani
materinite
mayonezi
mbanziriza
mbanza
matora
marijuwana
manyeziyumu
idorojeni
karuboni
ogisijene
azote
fosifore
potasiyumu
kalisiyumu
sufure
ubutare
manganese
zenke
bore
moribudene
kolore
nikeli
izahabu
inzahabu
ukunyurwa
positeri
urufuro
ukwangiza
gucikira
igicibwa
ibicibwa
gucibwa
umukomunisti
abakomunisti
umusosiyalisti
abasosiyalisti
umuliberali
abaliberali
umusendikalisti
abasendikalisti
Ikinyafurikansi
farumasi
iyegerana
kwegerana
Umusuni
Abasuni
Umushiya
Abashiya
ikidomoro
ibidomoro
idogere
umurehe
imirehe
ikidobori
ibidobori
idiyama
diyabeti
disikuru
kasete
disikete
disiketi
idisiki
idayimoni
kudasobanuka
gusobanurwa
ikidasobanutse
ibidasobanutse
kudakererwa
kudahuza
kudakira
gutegekwa
gutumwa
gutangirira
umusokoro
imisokoro
amamenyekanisha
nyasto
imyuga
ururobo
abatavugarumwe
kutavuga
rumwe
bateri
icyakozwe
ibyakozwe
icyamamare
ibyamamare
umuraperi
abaraperi
icyanya
ibyanya
amageri
igeri
idoma
imyishywa
umukoni
imikoni
{kuvoma}
ibura
ubusumbane
inkori
uruhuri
imegeri
agahimbazamusyi
uduhimbazamusyi
umusyi
kwihutirwa
kwihutira
gusumbana
Nyamuhiribona
nyakotsi
Merikire
Venusi
Isi
Saturune
Yupiteri
Marisi
Iranusi
Pulito
Neputine
isogi
amasogi
Rumukirabaswitsi
abaswitsi
kirida
kumama
umunyabiraka
abanyabiraka
ibiraka
ikiraka
Umugara
Abagara
Bugara
gukana
kunononsora
gukanira
rezo
ikigugu
ibigugu
ubugugu
umunyabugugu
abanyabugugu
umunyabuntu
abanyabuntu
umunyakavuyo
abanyakavuyo
akavuyo
abasitari
Rumurikirabaswitsi
kumurikira
makizari
Umutaribani
Abataribani
umukonde
abakonde
gukonda
ubukonde
umugererwa
abagererwa
isibo
urunyonga
uruyonga
ingare
umujepe
abajepe
umusope
abasope
umusajya
abasajya
umutizedi
abatizedi
akadobo
utudobo
umukaya
imikaya
kwimyoza
kuryozwa
umunyamatsiko
abanyamatsiko
igihwagari
ibihwagari
umuhuro
imihuro
Imboneranyi
ikizubazuba
ibizubazuba
Umugaragu
kurembera
indembero
umutaho
imitaho
inzora
kuzora
icyezezi
kuzunguruka
ifanta
amafanta
burusheti
isekonda
vinegere
puwavuro
gukara
imwe
inkone
Umunyetiyopiya
Abanyetiyopiya
inzukira
isogo
urusogo
insogo
urunyogwe
igihembe
uruzukira
intarekazi
ingore
Olimpiki
inkoronko
igihondabamabere
ibihondabamabere
urutarangwe
intarangwe
ifumberi
Umudubayi
Abadubayi
ikijwangajwanga
ibijwangajwanga
inyombya
ishwima
injongo
umwumba
imyumba
umwasa
imyasa
igikakarubamba
ibikakarubamba
intambi
umubunda
imibunda
inturusu
isederera
umudwedwe
imidwedwe
urunombe
inombe
urusenyi
urubuye
umusenga
mugugu
igishonyi
ibishonyi
imyiyumvire
umusomyo
imisomyo
ubunyamuryango
imbasa
gukoropa
icyiyumviro
ibyiyumviro
kubunuza
ubunuje
umweyo
imyeyo
imyumvire
gutumirwa
gucumbagira
kubyimbirwa
imiriro
kwivura
kwivuza
kugirira
kwihisha
gukangurira
guhungiza
gutekera
gukosora
itema
amatema
gusakuriza
kwihanganisha
gutakaza
kwikangura
kubohoza
gukwiza
imikurire
amaza
umupolisikazi
abapolisikazi
kurakarana
kurakaranya
kurakaza
gushishira
gutitira
kwandura
gushukura
gushimisha
gushimishwa
gupimwa
gucuka
gucurwa
intobo
ikibi
ibibi
inabi
kubeshyerwa
kwibeshyera
kubeshyuza
kubeshywa
kwikubita
kwitwara
gucikagurika
umucurabwenge
abacurabwenge
kwipimisha
rubagimpande
kubagira
kwibagirana
kwibagira
gukinwa
gukinira
kwisiba
ikamyo
integeko
gutoreka
umugote
imigote
umutake
imitake
umugeti
imigeti
reji
tekiniki
kwemererwa
igihiriri
ibihiriri
iburana
gutangizwa
gusozwa
umushakashatsi
abashakashatsi
gukingwa
gukingurwa
kwibukwa
ubworoherane
koroherana
korohera
igishihe
ibishihe
iremezo
urugereko
gukubitwa
gufanwa
guhambirwa
guhamywa
guhingwa
guhinwa
guhirikwa
guhishurwa
guhoberwa
guhoshwa
uruganiriro
inganiriro
kuganirira
ubwogero
bisi
fagitire
foromaji
siporo
umubyibuho
umubande
imibande
guturikira
ibice
dendo
amadovize
kudakuka
duwane
ingereko
urugomero
ingomero
kugomera
guhimbarwa
ifatizo
kuzizwa
kujija
kujijisha
umwogoshi
abogoshi
umusemuzi
abasemuzi
gusemurwa
gukanika
umwenzi
abenzi
kugabura
umugabura
abagabura
umuburanyi
ababuranyi
umuhashyi
abahashyi
ubuhashyi
gusahurwa
umusahuzi
abasahuzi
umuvomyi
abavomyi
umukamyi
abakamyi
umuranga
abaranga
guhereza
umuhereza
abahereza
umushimusi
abashimusi
gushimutwa
umusaruzi
abasaruzi
gusarurwa
ububyara
kudatinda
ibarurishamibare
ibarurisha
Igifulama
amagarama
urugaga
ingaga
abikorera
urugata
kugobokwa
kugombwa
konegisiyo
kwiraza
kwizara
indegeya
sokuruza
sokuru
agahanga
uduhanga
agahararo
guharara
guhararwa
guhararana
ubumuga
agahato
agahebuzo
agahenge
baye
agakabyo
udukabyo
ukwandikisha
gushimika
ubucamanza
agapira
udupira
agasabo
indurwe
agasanduku
udusanduku
Kilimiya
guhambiranya
ubukaga
gukaga
agasendababoyi
udusendababoyi
agashungo
udushungo
udushya
agashinguracumu
udushinguracumu
gushinya
gushinyagurwa
gushinyagurira
ubushinyaguzi
umushinyaguzi
abashinyaguzi
gushinyagurirwa
kwibohoza
gukebuka
gukebura
agasigisigi
udusigisigi
agasimba
udusimba
agasuzuguro
gusuzugurwa
gusuzugurika
insuzugurwa
agatadowa
udutadowa
agatama
udutama
agatereranzamba
udutereranzamba
udutimba
agatsi
udutsi
igitsi
ibitsi
agatuza
udutuza
agoronome
ajenda